11-30 01:54:55.104  1492  1877 I ActivityTaskManager: START u0 {cmp=com.ebay.kleinanzeigen/ebk.ui.home.HomeActivity} from uid 10302
11-30 01:54:55.126  1492  1515 I ActivityTaskManager: START u0 {cmp=com.ebay.kleinanzeigen/ebk.ui.home.HomeActivity} from uid 10302
11-30 01:54:55.156  1492  1515 I ActivityTaskManager: START u0 {cmp=com.ebay.kleinanzeigen/ebk.ui.home.HomeActivity} from uid 10302
11-30 01:54:55.183  1492  2549 I ActivityTaskManager: START u0 {cmp=com.ebay.kleinanzeigen/ebk.ui.home.HomeActivity} from uid 10302
11-30 01:54:55.204  1492  1877 I ActivityTaskManager: START u0 {cmp=com.ebay.kleinanzeigen/ebk.ui.home.HomeActivity} from uid 10302
11-30 01:54:55.227  1492  4685 I ActivityTaskManager: START u0 {cmp=com.ebay.kleinanzeigen/ebk.ui.home.HomeActivity} from uid 10302
11-30 01:54:55.248  1492  2549 I ActivityTaskManager: START u0 {cmp=com.ebay.kleinanzeigen/ebk.ui.home.HomeActivity} from uid 10302
11-30 01:54:55.273  1492  4144 I ActivityTaskManager: START u0 {cmp=com.ebay.kleinanzeigen/ebk.ui.home.HomeActivity} from uid 10302
11-30 01:54:55.295  1492  4685 I ActivityTaskManager: START u0 {cmp=com.ebay.kleinanzeigen/ebk.ui.home.HomeActivity} from uid 10302
11-30 01:54:55.321  1492  1877 I ActivityTaskManager: START u0 {cmp=com.ebay.kleinanzeigen/ebk.ui.home.HomeActivity} from uid 10302
11-30 01:54:55.390  1492  1877 I chatty  : uid=1000(system) Binder:1492_4 identical 2 lines
11-30 01:54:55.415  1492  1877 I ActivityTaskManager: START u0 {cmp=com.ebay.kleinanzeigen/ebk.ui.home.HomeActivity} from uid 10302
11-30 01:54:55.438  1492  4685 I ActivityTaskManager: START u0 {cmp=com.ebay.kleinanzeigen/ebk.ui.home.HomeActivity} from uid 10302
11-30 01:54:55.464  1492  2549 I ActivityTaskManager: START u0 {cmp=com.ebay.kleinanzeigen/ebk.ui.home.HomeActivity} from uid 10302
11-30 01:54:55.488  1492  1877 I ActivityTaskManager: START u0 {cmp=com.ebay.kleinanzeigen/ebk.ui.home.HomeActivity} from uid 10302
11-30 01:54:55.518  1492  1877 I ActivityTaskManager: START u0 {cmp=com.ebay.kleinanzeigen/ebk.ui.home.HomeActivity} from uid 10302
11-30 01:54:55.538  1492  1515 I ActivityTaskManager: START u0 {cmp=com.ebay.kleinanzeigen/ebk.ui.home.HomeActivity} from uid 10302
11-30 01:54:55.561  1492  2549 I ActivityTaskManager: START u0 {cmp=com.ebay.kleinanzeigen/ebk.ui.home.HomeActivity} from uid 10302
11-30 01:54:55.582  1492  2549 I ActivityTaskManager: START u0 {cmp=com.ebay.kleinanzeigen/ebk.ui.home.HomeActivity} from uid 10302
11-30 01:54:55.611  1492  4685 I ActivityTaskManager: START u0 {cmp=com.ebay.kleinanzeigen/ebk.ui.home.HomeActivity} from uid 10302
11-30 01:54:55.632  1492  3396 I ActivityTaskManager: START u0 {cmp=com.ebay.kleinanzeigen/ebk.ui.home.HomeActivity} from uid 10302
11-30 01:54:55.655  1492  2549 I ActivityTaskManager: START u0 {cmp=com.ebay.kleinanzeigen/ebk.ui.home.HomeActivity} from uid 10302
11-30 01:54:55.680  1492  1877 I ActivityTaskManager: START u0 {cmp=com.ebay.kleinanzeigen/ebk.ui.home.HomeActivity} from uid 10302
11-30 01:54:55.704  1492  1877 I chatty  : uid=1000(system) Binder:1492_4 identical 1 line
11-30 01:54:55.730  1492  1877 I ActivityTaskManager: START u0 {cmp=com.ebay.kleinanzeigen/ebk.ui.home.HomeActivity} from uid 10302
11-30 01:54:55.750  1492  3396 I ActivityTaskManager: START u0 {cmp=com.ebay.kleinanzeigen/ebk.ui.home.HomeActivity} from uid 10302
11-30 01:54:55.779  1492  1877 I ActivityTaskManager: START u0 {cmp=com.ebay.kleinanzeigen/ebk.ui.home.HomeActivity} from uid 10302
11-30 01:54:55.807  1492  4783 I ActivityTaskManager: START u0 {cmp=com.ebay.kleinanzeigen/ebk.ui.home.HomeActivity} from uid 10302
11-30 01:54:55.836  1492  4685 I ActivityTaskManager: START u0 {cmp=com.ebay.kleinanzeigen/ebk.ui.home.HomeActivity} from uid 10302
11-30 01:54:55.880  1492  3505 I ActivityTaskManager: START u0 {cmp=com.ebay.kleinanzeigen/ebk.ui.home.HomeActivity} from uid 10302
11-30 01:54:55.881  1492  3505 W ActivityTaskManager: Background activity start [callingPackage: com.ebay.kleinanzeigen; callingUid: 10302; isCallingUidForeground: true; callingUidHasAnyVisibleWindow: false; callingUidProcState: TOP; isCallingUidPersistentSystemProcess: false; realCallingUid: 10302; isRealCallingUidForeground: true; realCallingUidHasAnyVisibleWindow: false; realCallingUidProcState: TOP; isRealCallingUidPersistentSystemProcess: false; originatingPendingIntent: null; isBgStartWhitelisted: false; intent: Intent { cmp=com.ebay.kleinanzeigen/ebk.ui.home.HomeActivity }; callerApp: ProcessRecord{4bfa07 4947:com.ebay.kleinanzeigen/u0a302}]
11-30 01:54:55.884  1492  3505 W ActivityTaskManager: Activity start request from 10302 stopped
11-30 01:55:01.109  1492  1563 I ActivityManager: Killing 978:com.android.carrierdefaultapp/u0a123 (adj 975): empty #17
11-30 01:55:01.109  1492  1563 I ActivityManager: Killing 30227:com.google.android.euicc/u0a132 (adj 975): empty #18
11-30 01:55:01.110  1492  1563 I ActivityManager: Killing 4947:com.ebay.kleinanzeigen/u0a302 (adj 905): remove task
11-30 01:55:01.110  1492  1563 I ActivityManager: Killing 5077:com.android.webview:sandboxed_process0:org.chromium.content.app.SandboxedProcessService0:0/u0a302i107 (adj 905): remove task
11-30 01:55:01.185  1492  4619 W ActivityManager: Scheduling restart of crashed service com.ebay.kleinanzeigen/org.chromium.content.app.SandboxedProcessService0:0 in 1000ms for connection
11-30 01:55:01.225  1492  4751 I WindowManager: WIN DEATH: Window{461f551 u0 com.ebay.kleinanzeigen/ebk.ui.home.HomeActivity}
11-30 01:55:01.225  1492  4685 D ConnectivityService: ConnectivityService NetworkRequestInfo binderDied(NetworkRequest [ LISTEN id=1527, [ Capabilities: INTERNET&NOT_RESTRICTED&TRUSTED&FOREGROUND Uid: 10302 AdministratorUids: [] RequestorUid: 10302 RequestorPackageName: com.ebay.kleinanzeigen] ], android.os.BinderProxy@350ac1a)
11-30 01:55:01.225  1492  4618 D ConnectivityService: ConnectivityService NetworkRequestInfo binderDied(NetworkRequest [ TRACK_DEFAULT id=1526, [ Capabilities: INTERNET&NOT_RESTRICTED&TRUSTED Uid: 10302 AdministratorUids: [] RequestorUid: 10302 RequestorPackageName: com.ebay.kleinanzeigen] ], android.os.BinderProxy@3e5634b)
11-30 01:55:01.225  1492  1992 D ConnectivityService: releasing NetworkRequest [ TRACK_DEFAULT id=1526, [ Capabilities: INTERNET&NOT_RESTRICTED&TRUSTED Uid: 10302 AdministratorUids: [] RequestorUid: 10302 RequestorPackageName: com.ebay.kleinanzeigen] ] (release request)
11-30 01:55:01.226  1492  4783 D ConnectivityService: ConnectivityService NetworkRequestInfo binderDied(NetworkRequest [ TRACK_DEFAULT id=1528, [ Capabilities: INTERNET&NOT_RESTRICTED&TRUSTED Uid: 10302 AdministratorUids: [] RequestorUid: 10302 RequestorPackageName: com.ebay.kleinanzeigen] ], android.os.BinderProxy@622ee41)
11-30 01:55:01.226  1492  1992 D ConnectivityService: releasing NetworkRequest [ TRACK_DEFAULT id=1528, [ Capabilities: INTERNET&NOT_RESTRICTED&TRUSTED Uid: 10302 AdministratorUids: [] RequestorUid: 10302 RequestorPackageName: com.ebay.kleinanzeigen] ] (release request)
11-30 01:55:01.229  1492  4062 W WindowManager: Cannot find window which accessibility connection is added to
11-30 01:55:01.277  1492  1672 D KernelCpuUidUserSysTimeReader: Removing uids 99105-99105
11-30 01:55:01.285  1492  1563 W ActivityManager: setHasOverlayUi called on unknown pid: 4947
11-30 01:55:04.601  1492  1563 I ActivityManager: Killing 4873:com.android.deskclock/u0a148 (adj 900): remove task
11-30 01:55:04.631  1492  4751 I WindowManager: WIN DEATH: Window{2fd62bc u0 com.android.deskclock/com.android.deskclock.DeskClock}
11-30 01:55:04.639  1492  1563 W ActivityManager: setHasOverlayUi called on unknown pid: 4873
11-30 01:55:10.159  1492  1961 D WindowManager: powerPress: eventTime=20477898 interactive=true count=1 beganFromNonInteractive=false mShortPressOnPowerBehavior=1
11-30 01:55:10.160  1492  1961 I PowerManagerService: Going to sleep due to power_button (uid 1000)...
11-30 01:55:10.175  1492  4751 D BiometricUtils: isEncrypted: false isLockdown: false
11-30 01:55:10.176  1492  1492 V FingerprintService: startAuthentication(com.android.systemui)
11-30 01:55:10.176  1492  1492 V FingerprintService: starting client AuthenticationClientImpl(com.android.systemui) targetUserId: 0 currentUserId: 0 cookie: 0/0
11-30 01:55:10.192  1492  1492 W FingerprintService: client com.android.systemui is authenticating...
11-30 01:55:10.603  1492  1710 I DisplayPowerController: Blocking screen off
11-30 01:55:10.603  1492  1710 I DisplayPowerController: Unblocked screen off after 0 ms
11-30 01:55:10.625  1492  1710 D ActivityTaskManager: Top Process State changed to PROCESS_STATE_TOP_SLEEPING
11-30 01:55:10.696  1492  1672 D KernelCpuUidUserSysTimeReader: Removing uids 99106-99106
11-30 01:55:10.706  1492  1710 V DisplayPowerController: Brightness [-1.0] reason changing to: 'screen_off', previous reason: 'automatic'.
11-30 01:55:10.712  1492  1563 I DisplayManagerService: Display device changed state: "Integrierter Bildschirm", OFF
11-30 01:55:10.857  1492  1710 I DreamManagerService: Entering dreamland.
11-30 01:55:10.858  1492  1710 I PowerManagerService: Dozing...
11-30 01:55:10.860  1492  1552 I DreamController: Starting dream: name=ComponentInfo{com.android.systemui/com.android.systemui.doze.DozeService}, isTest=false, canDoze=true, userId=0
11-30 01:55:11.030  1492  1563 V WindowManager: Orientation start waiting for draw, mDrawState=DRAW_PENDING in Window{cfef1b4 u0 ScreenDecorOverlayBottom}, surfaceController Surface(name=ScreenDecorOverlayBottom)/@0x132f4e9
11-30 01:55:11.030  1492  1563 V WindowManager: Orientation start waiting for draw, mDrawState=DRAW_PENDING in Window{57224c9 u0 NotificationShade}, surfaceController Surface(name=NotificationShade)/@0x1891332
11-30 01:55:15.631  1492  1563 W ActivityTaskManager: Sleep timeout!  Sleeping now.


--------------------------------------------------------------------------------------------------------------------------------------------------------------------------------------------
- opened congstar app (de.congstar.meincongstar) v3.5.6
- tried to press burger button > no response
- tabbed out of app
- opened app again from recent apps view
- pressed burger button again > this time it worked
--------------------------------------------------------------------------------------------------------------------------------------------------------------------------------------------


11-30 02:09:53.441  1492  1492 D CompatibilityChangeReporter: Compat change id reported: 135634846; UID 10205; state: DISABLED
11-30 02:09:53.443  1492  1492 D CompatibilityChangeReporter: Compat change id reported: 135754954; UID 10205; state: DISABLED
11-30 02:09:53.445  1492  1618 D CompatibilityChangeReporter: Compat change id reported: 143937733; UID 10205; state: DISABLED
11-30 02:09:53.463  1492  1618 I ActivityManager: Start proc 10194:de.gmx.mobile.android.mail/u0a205 for service {de.gmx.mobile.android.mail/androidx.work.impl.background.systemjob.SystemJobService}
11-30 02:09:53.837  1492  4780 I ActivityManager: Killing 8049:com.android.webview:sandboxed_process0:org.chromium.content.app.SandboxedProcessService0:0/u0a195i109 (adj 975): empty #17
11-30 02:09:53.854  1492  4780 D ConnectivityService: requestNetwork for uid/pid:10205/10194 NetworkRequest [ TRACK_DEFAULT id=1545, [ Capabilities: INTERNET&NOT_RESTRICTED&TRUSTED Uid: 10205 AdministratorUids: [] RequestorUid: 10205 RequestorPackageName: de.gmx.mobile.android.mail] ]
11-30 02:09:53.855  1492  1992 D ConnectivityService: NetReassign [1545 : null → 103]
11-30 02:09:53.887  1492  4685 W ActivityManager: Scheduling restart of crashed service de.hafas.android.db/org.chromium.content.app.SandboxedProcessService0:0 in 1000ms for connection
11-30 02:09:53.898  1492  1992 D ConnectivityService: releasing NetworkRequest [ TRACK_DEFAULT id=1534, [ Capabilities: INTERNET&NOT_RESTRICTED&TRUSTED Uid: 10195 AdministratorUids: [] RequestorUid: 10195 RequestorPackageName: de.hafas.android.db] ] (release request)
11-30 02:09:53.906  1492  4780 D ConnectivityService: requestNetwork for uid/pid:10195/7750 NetworkRequest [ TRACK_DEFAULT id=1546, [ Capabilities: INTERNET&NOT_RESTRICTED&TRUSTED Uid: 10195 AdministratorUids: [] RequestorUid: 10195 RequestorPackageName: de.hafas.android.db] ]
11-30 02:09:53.907  1492  1992 D ConnectivityService: NetReassign [1546 : null → 103]
11-30 02:09:53.909  1492  1992 D ConnectivityService: NetReassign [no changes]
11-30 02:09:53.957  1492  4780 D CompatibilityChangeReporter: Compat change id reported: 135634846; UID 10195; state: DISABLED
11-30 02:09:53.957  1492  4780 D CompatibilityChangeReporter: Compat change id reported: 135754954; UID 10195; state: ENABLED
11-30 02:09:53.957  1492  1618 D CompatibilityChangeReporter: Compat change id reported: 143937733; UID 10195; state: ENABLED
11-30 02:09:53.974  1492  1618 I ActivityManager: Start proc 10278:com.android.webview:sandboxed_process0:org.chromium.content.app.SandboxedProcessService0:1/u0i111 for  {de.hafas.android.db/org.chromium.content.app.SandboxedProcessService0:1}
11-30 02:09:54.302  1492  4186 I ActivityManager: Killing 7750:de.hafas.android.db/u0a195 (adj 975): empty #17
11-30 02:09:54.411  1492  4186 D ConnectivityService: ConnectivityService NetworkRequestInfo binderDied(NetworkRequest [ LISTEN id=1547, [ Capabilities: INTERNET&NOT_RESTRICTED&TRUSTED&FOREGROUND Uid: 10195 AdministratorUids: [] RequestorUid: 10195 RequestorPackageName: de.hafas.android.db] ], android.os.BinderProxy@77fed5a)
11-30 02:09:54.411  1492  4780 D ConnectivityService: ConnectivityService NetworkRequestInfo binderDied(NetworkRequest [ TRACK_DEFAULT id=1546, [ Capabilities: INTERNET&NOT_RESTRICTED&TRUSTED Uid: 10195 AdministratorUids: [] RequestorUid: 10195 RequestorPackageName: de.hafas.android.db] ], android.os.BinderProxy@965ab8b)
11-30 02:09:54.411  1492  1992 D ConnectivityService: releasing NetworkRequest [ TRACK_DEFAULT id=1546, [ Capabilities: INTERNET&NOT_RESTRICTED&TRUSTED Uid: 10195 AdministratorUids: [] RequestorUid: 10195 RequestorPackageName: de.hafas.android.db] ] (release request)
11-30 02:09:54.413  1492  4685 I ActivityManager: Killing 10278:com.android.webview:sandboxed_process0:org.chromium.content.app.SandboxedProcessService0:1/u0a195i111 (adj 0): isolated not needed
11-30 02:09:54.416  1492  1992 D ConnectivityService: releasing NetworkRequest [ TRACK_DEFAULT id=1545, [ Capabilities: INTERNET&NOT_RESTRICTED&TRUSTED Uid: 10205 AdministratorUids: [] RequestorUid: 10205 RequestorPackageName: de.gmx.mobile.android.mail] ] (release request)
11-30 02:09:55.925  1492  4619 D CompatibilityChangeReporter: Compat change id reported: 135634846; UID 10134; state: DISABLED
11-30 02:09:55.926  1492  4619 D CompatibilityChangeReporter: Compat change id reported: 135754954; UID 10134; state: DISABLED
11-30 02:09:55.926  1492  1618 D CompatibilityChangeReporter: Compat change id reported: 143937733; UID 10134; state: DISABLED
11-30 02:09:55.945  1492  1618 I ActivityManager: Start proc 10320:com.android.vending/u0a134 for service {com.android.vending/com.android.vending.billing.InAppBillingService}
11-30 02:09:56.564  1492  1710 I PowerManagerService: Going to sleep due to timeout (uid 1000)...
11-30 02:09:56.580  1492  4623 D BiometricUtils: isEncrypted: false isLockdown: false
11-30 02:09:56.581  1492  1492 V FingerprintService: startAuthentication(com.android.systemui)
11-30 02:09:56.581  1492  1492 V FingerprintService: starting client AuthenticationClientImpl(com.android.systemui) targetUserId: 0 currentUserId: 0 cookie: 0/0
11-30 02:09:56.599  1492  1492 W FingerprintService: client com.android.systemui is authenticating...
11-30 02:09:56.624  1492  1710 V DisplayPowerController: Brightness [0.097996935] reason changing to: 'automatic', previous reason: 'automatic [ dim ]'.
11-30 02:09:57.041  1492  1710 I DisplayPowerController: Blocking screen off
11-30 02:09:57.042  1492  1710 I DisplayPowerContrller: Unblocked screen off after 1 ms
11-30 02:09:57.074  1492  1710 D ActivityTaskManager: Top Process State changed to PROCESS_STATE_TOP_SLEEPING
11-30 02:09:57.132  1492  1672 D KernelCpuUidUserSysTimeReader: Removing uids 99110-99110
11-30 02:09:57.143  1492  1710 V DisplayPowerController: Brightness [-1.0] reason changing to: 'screen_off', previous reason: 'automatic'.
11-30 02:09:57.156  1492  1563 I DisplayManagerService: Display device changed state: "Integrierter Bildschirm", OFF
11-30 02:09:57.311  1492  1710 I DreamManagerService: Entering dreamland.
11-30 02:09:57.311  1492  1710 I PowerManagerService: Dozing...
11-30 02:09:57.312  1492  1552 I DreamController: Starting dream: name=ComponentInfo{com.android.systemui/com.android.systemui.doze.DozeService}, isTest=false, canDoze=true, userId=0
11-30 02:09:57.434  1492  1563 V WindowManager: Orientation start waiting for draw, mDrawState=DRAW_PENDING in Window{cfef1b4 u0 ScreenDecorOverlayBottom}, surfaceController Surface(name=ScreenDecorOverlayBottom)/@0x132f4e9
11-30 02:09:57.434  1492  1563 V WindowManager: Orientation start waiting for draw, mDrawState=DRAW_PENDING in Window{57224c9 u0 NotificationShade}, surfaceController Surface(name=NotificationShade)/@0xc71231e
11-30 02:10:02.077  1492  1563 W ActivityTaskManager: Sleep timeout!  Sleeping now.
11-30 02:10:53.254  1492  1492 V FingerprintService: Acquired: 7 0
11-30 02:10:53.373  1492  1492 V FingerprintService: Acquired: 0 0
11-30 02:10:53.374  1492  1492 V BiometricStats: Authentication latency: 120
11-30 02:10:53.375  1492  1492 V FingerprintService: onAuthenticated(true), ID:-1296615026, Owner: com.android.systemui, isBP: false, listener: com.android.server.biometrics.fingerprint.FingerprintService$ServiceListenerImpl@f7437f7, requireConfirmation: false, user: 0
11-30 02:10:53.383  1492  1492 V FingerprintService: Done with client: com.android.systemui
11-30 02:10:53.390  1492  4618 I PowerManagerService: Waking up from Dozing (uid=10172, reason=WAKE_REASON_GESTURE, details=android.policy:BIOMETRIC)...
11-30 02:10:53.392  1492  1710 I DisplayPowerController: Blocking screen on until initial contents have been drawn.
11-30 02:10:53.482  1492  1710 V DisplayPowerController: Brightness [0.097996935] reason changing to: 'manual', previous reason: 'screen_off'.
11-30 02:10:53.485  1492  1563 I DisplayManagerService: Display device changed state: "Integrierter Bildschirm", ON
11-30 02:10:53.497  1492  4685 D ActivityTaskManager: Top Process State changed to PROCESS_STATE_TOP
11-30 02:10:53.546  1492  1710 V DisplayPowerController: Brightness [0.094418176] reason changing to: 'automatic', previous reason: 'manual'.
11-30 02:10:53.573  1492  1617 W BroadcastQueue: Background execution not allowed: receiving Intent { act=android.intent.action.USER_PRESENT flg=0x24200010 } to org.chromium.chrome/.browser.sharing.click_to_call.ClickToCallMessageHandler$PhoneUnlockedReceiver
11-30 02:10:53.573  1492  1617 W BroadcastQueue: Background execution not allowed: receiving Intent { act=android.intent.action.USER_PRESENT flg=0x24200010 } to com.brave.browser/org.chromium.chrome.browser.sharing.click_to_call.ClickToCallMessageHandler$PhoneUnlockedReceiver
11-30 02:10:53.585  1492  1710 I DisplayPowerController: Unblocked screen on after 192 ms
11-30 02:10:53.638  1492  1710 W PowerManagerService: Screen on took 248 ms
11-30 02:10:53.638  1492  1710 I DreamManagerService: Gently waking up from dream.
11-30 02:10:53.639  1492  1552 I DreamManagerService: Performing gentle wake from dream.
11-30 02:10:53.653  1492  4618 I DreamManagerService: Leaving dreamland.
11-30 02:10:53.654  1492  1552 I DreamManagerService: Performing gentle wake from dream.
11-30 02:10:53.654  1492  1552 I DreamController: Stopping dream: name=ComponentInfo{com.android.systemui/com.android.systemui.doze.DozeService}, isTest=false, canDoze=true, userId=0, reason='finished self'(from 'requested stopDream')
11-30 02:10:56.860  1492  4619 I ActivityTaskManager: START u0 {act=android.intent.action.MAIN cat=[android.intent.category.LAUNCHER] flg=0x10200000 cmp=de.congstar.meincongstar/.ui.login.LoginActivity bnds=[654,338][840,556]} from uid 10163
11-30 02:10:56.880  1492  1563 D CompatibilityChangeReporter: Compat change id reported: 135634846; UID 10253; state: DISABLED
11-30 02:10:56.880  1492  1563 D CompatibilityChangeReporter: Compat change id reported: 135754954; UID 10253; state: ENABLED
11-30 02:10:56.880  1492  1618 D CompatibilityChangeReporter: Compat change id reported: 143937733; UID 10253; state: ENABLED
11-30 02:10:56.893  1492  1618 I ActivityManager: Start proc 10403:de.congstar.meincongstar:CongstarProcess/u0a253 for pre-top-activity {de.congstar.meincongstar/de.congstar.meincongstar.ui.login.LoginActivity}
11-30 02:10:57.022  1492  1992 D ConnectivityService: NetReassign [no changes]
11-30 02:10:57.031  1492  4619 D CompatibilityChangeReporter: Compat change id reported: 136274596; UID 10253; state: ENABLED
11-30 02:10:57.217  1492  4619 I ActivityTaskManager: START u0 {flg=0x4000000 cmp=de.congstar.meincongstar/.features.main.DashboardActivity} from uid 10253
11-30 02:10:57.230  1492  4751 W ActivityTaskManager: Tried to set launchTime (0) < mLastActivityLaunchTime (21424772)
11-30 02:10:57.476  1492  4618 I ActivityTaskManager: START u0 {act=android.intent.action.VIEW dat= cmp=de.congstar.meincongstar/.features.deeplink.DeepLinkActivity} from uid 10253
11-30 02:10:57.567  1492  4618 W ActivityTaskManager: Tried to set launchTime (0) < mLastActivityLaunchTime (21425092)
11-30 02:10:57.577  1492  4685 W ActivityManager: Unable to start service Intent { act=android.support.customtabs.action.CustomTabsService pkg=com.android.chrome } U=0: not found
11-30 02:10:57.608  1492  4751 I ActivityTaskManager: START u0 {flg=0x1003c000 cmp=de.congstar.meincongstar/.features.login.LoginActivity} from uid 10253
11-30 02:10:57.643  1492  4751 W ActivityTaskManager: Tried to set launchTime (0) < mLastActivityLaunchTime (21425428)
11-30 02:10:57.708  1492  4751 I ActivityTaskManager: START u0 {flg=0x4000000 cmp=de.congstar.meincongstar/.features.main.DashboardActivity} from uid 10253
11-30 02:10:57.720  1492  4618 I ActivityTaskManager: START u0 {act=android.intent.action.VIEW dat= cmp=de.congstar.meincongstar/.features.deeplink.DeepLinkActivity} from uid 10253
11-30 02:10:57.724  1492  4618 W ActivityTaskManager: Tried to set launchTime (0) < mLastActivityLaunchTime (21425504)
11-30 02:10:57.724  1492  4618 W ActivityTaskManager: Tried to set launchTime (0) < mLastActivityLaunchTime (21425504)
11-30 02:10:57.727  1492  1614 W UsageStatsService: Unexpected activity event reported! (de.congstar.meincongstar/de.congstar.meincongstar.features.main.DashboardActivity event : 2 instanceId : 128191507)
11-30 02:10:57.838  1492  4751 I ActivityTaskManager: START u0 {flg=0x1003c000 cmp=de.congstar.meincongstar/.features.login.LoginActivity} from uid 10253
11-30 02:10:57.913  1492  4751 W ActivityTaskManager: Tried to set launchTime (0) < mLastActivityLaunchTime (21425585)
11-30 02:10:57.968  1492  4685 I ActivityTaskManager: START u0 {flg=0x4000000 cmp=de.congstar.meincongstar/.features.main.DashboardActivity} from uid 10253
11-30 02:10:57.996  1492  4751 I ActivityTaskManager: START u0 {act=android.intent.action.VIEW dat= cmp=de.congstar.meincongstar/.features.deeplink.DeepLinkActivity} from uid 10253
11-30 02:10:58.002  1492  4751 W ActivityTaskManager: Tried to set launchTime (0) < mLastActivityLaunchTime (21425774)
11-30 02:10:58.002  1492  4751 W ActivityTaskManager: Tried to set launchTime (0) < mLastActivityLaunchTime (21425774)
11-30 02:10:58.005  1492  1614 W UsageStatsService: Unexpected activity event reported! (de.congstar.meincongstar/de.congstar.meincongstar.features.main.DashboardActivity event : 2 instanceId : 32243198)
11-30 02:10:58.117  1492  4685 I ActivityTaskManager: START u0 {flg=0x1003c000 cmp=de.congstar.meincongstar/.features.login.LoginActivity} from uid 10253
11-30 02:10:58.126  1492  4685 I WindowManager: Queue is too deep! Purged item with taskid=209
11-30 02:10:58.228  1492  4751 W ActivityTaskManager: Tried to set launchTime (0) < mLastActivityLaunchTime (21425863)
11-30 02:10:58.288  1492  4751 I ActivityTaskManager: START u0 {flg=0x4000000 cmp=de.congstar.meincongstar/.features.main.DashboardActivity} from uid 10253
11-30 02:10:58.316  1492  4751 I ActivityTaskManager: START u0 {act=android.intent.action.VIEW dat= cmp=de.congstar.meincongstar/.features.deeplink.DeepLinkActivity} from uid 10253
11-30 02:10:58.321  1492  4751 W ActivityTaskManager: Tried to set launchTime (0) < mLastActivityLaunchTime (21426089)
11-30 02:10:58.321  1492  4751 W ActivityTaskManager: Tried to set launchTime (0) < mLastActivityLaunchTime (21426089)
11-30 02:10:58.326  1492  1614 W UsageStatsService: Unexpected activity event reported! (de.congstar.meincongstar/de.congstar.meincongstar.features.main.DashboardActivity event : 2 instanceId : 229293020)
11-30 02:10:58.428  1492  4685 I ActivityTaskManager: START u0 {flg=0x1003c000 cmp=de.congstar.meincongstar/.features.login.LoginActivity} from uid 10253
11-30 02:10:58.439  1492  4685 I WindowManager: Queue is too deep! Purged item with taskid=209
11-30 02:10:58.514  1492  4751 W ActivityTaskManager: Tried to set launchTime (0) < mLastActivityLaunchTime (21426183)
11-30 02:10:58.586  1492  4751 I ActivityTaskManager: START u0 {flg=0x4000000 cmp=de.congstar.meincongstar/.features.main.DashboardActivity} from uid 10253
11-30 02:10:58.615  1492  4751 I ActivityTaskManager: START u0 {act=android.intent.action.VIEW dat= cmp=de.congstar.meincongstar/.features.deeplink.DeepLinkActivity} from uid 10253
11-30 02:10:58.623  1492  4685 W ActivityTaskManager: Tried to set launchTime (0) < mLastActivityLaunchTime (21426376)
11-30 02:10:58.624  1492  4685 W ActivityTaskManager: Tried to set launchTime (0) < mLastActivityLaunchTime (21426376)
11-30 02:10:58.631  1492  1614 W UsageStatsService: Unexpected activity event reported! (de.congstar.meincongstar/de.congstar.meincongstar.features.main.DashboardActivity event : 2 instanceId : 145508202)
11-30 02:10:58.729  1492  4685 I ActivityTaskManager: START u0 {flg=0x1003c000 cmp=de.congstar.meincongstar/.features.login.LoginActivity} from uid 10253
11-30 02:10:58.740  1492  4685 I WindowManager: Queue is too deep! Purged item with taskid=209
11-30 02:10:58.826  1492  4685 W ActivityTaskManager: Tried to set launchTime (0) < mLastActivityLaunchTime (21426486)
11-30 02:10:58.890  1492  4751 I ActivityTaskManager: START u0 {flg=0x4000000 cmp=de.congstar.meincongstar/.features.main.DashboardActivity} from uid 10253
11-30 02:10:58.925  1492  4751 I ActivityTaskManager: START u0 {act=android.intent.action.VIEW dat= cmp=de.congstar.meincongstar/.features.deeplink.DeepLinkActivity} from uid 10253
11-30 02:10:58.935  1492  4751 W ActivityTaskManager: Tried to set launchTime (0) < mLastActivityLaunchTime (21426688)
11-30 02:10:58.935  1492  4751 W ActivityTaskManager: Tried to set launchTime (0) < mLastActivityLaunchTime (21426688)
11-30 02:10:58.938  1492  1614 W UsageStatsService: Unexpected activity event reported! (de.congstar.meincongstar/de.congstar.meincongstar.features.main.DashboardActivity event : 2 instanceId : 210877480)
11-30 02:10:59.053  1492  4751 I ActivityTaskManager: START u0 {flg=0x1003c000 cmp=de.congstar.meincongstar/.features.login.LoginActivity} from uid 10253
11-30 02:10:59.066  1492  4751 I WindowManager: Queue is too deep! Purged item with taskid=209
11-30 02:10:59.145  1492  4751 W ActivityTaskManager: Tried to set launchTime (0) < mLastActivityLaunchTime (21426796)
11-30 02:10:59.209  1492  4751 I ActivityTaskManager: START u0 {flg=0x4000000 cmp=de.congstar.meincongstar/.features.main.DashboardActivity} from uid 10253
11-30 02:10:59.238  1492  4619 I ActivityTaskManager: START u0 {act=android.intent.action.VIEW dat= cmp=de.congstar.meincongstar/.features.deeplink.DeepLinkActivity} from uid 10253
11-30 02:10:59.244  1492  4619 W ActivityTaskManager: Tried to set launchTime (0) < mLastActivityLaunchTime (21427007)
11-30 02:10:59.244  1492  4619 W ActivityTaskManager: Tried to set launchTime (0) < mLastActivityLaunchTime (21427007)
11-30 02:10:59.250  1492  1614 W UsageStatsService: Unexpected activity event reported! (de.congstar.meincongstar/de.congstar.meincongstar.features.main.DashboardActivity event : 2 instanceId : 236667286)
11-30 02:10:59.341  1492  4751 I ActivityTaskManager: START u0 {flg=0x1003c000 cmp=de.congstar.meincongstar/.features.login.LoginActivity} from uid 10253
11-30 02:10:59.364  1492  4751 I WindowManager: Queue is too deep! Purged item with taskid=209
11-30 02:10:59.448  1492  4619 W ActivityTaskManager: Tried to set launchTime (0) < mLastActivityLaunchTime (21427107)
11-30 02:10:59.502  1492  1563 I DisplayManagerService: Display device changed: DisplayDeviceInfo{"Integrierter Bildschirm": uniqueId="local:19260504575090817", 1080 x 2340, modeId 2, defaultModeId 2, supportedModes [{id=1, width=1080, height=2340, fps=90.0}, {id=2, width=1080, height=2340, fps=60.000004}], colorMode 0, supportedColorModes [0, 7, 9], HdrCapabilities HdrCapabilities{mSupportedHdrTypes=[2, 3], mMaxLuminance=500.0, mMaxAverageLuminance=500.0, mMinLuminance=0.0}, allmSupported false, gameContentTypeSupported false, density 440, 435.428 x 433.839 dpi, appVsyncOff 2333332, presDeadline 11500000, cutout DisplayCutout{insets=Rect(0, 136 - 0, 0) waterfall=Insets{left=0, top=0, right=0, bottom=0} boundingRect={Bounds=[Rect(0, 0 - 0, 0), Rect(0, 0 - 136, 136), Rect(0, 0 - 0, 0), Rect(0, 0 - 0, 0)]}}, touch INTERNAL, rotation 0, type INTERNAL, address {port=129, model=0x446d53ad64a0}, deviceProductInfo DeviceProductInfo{name=, manufacturerPnpId=QCM, productId=1, modelYear=null, manufactureDate=ManufactureDate{week=27, year=2006}, relativeAddress=null}, state ON, FLAG_DEFAULT_DISPLAY, FLAG_ROTATES_WITH_CONTENT, FLAG_SECURE, FLAG_SUPPORTS_PROTECTED_BUFFERS}
11-30 02:10:59.513  1492  4751 I ActivityTaskManager: START u0 {flg=0x4000000 cmp=de.congstar.meincongstar/.features.main.DashboardActivity} from uid 10253
11-30 02:10:59.543  1492  4751 I ActivityTaskManager: START u0 {act=android.intent.action.VIEW dat= cmp=de.congstar.meincongstar/.features.deeplink.DeepLinkActivity} from uid 10253
11-30 02:10:59.553  1492  4751 W ActivityTaskManager: Tried to set launchTime (0) < mLastActivityLaunchTime (21427309)
11-30 02:10:59.553  1492  4751 W ActivityTaskManager: Tried to set launchTime (0) < mLastActivityLaunchTime (21427309)
11-30 02:10:59.569  1492  1614 W UsageStatsService: Unexpected activity event reported! (de.congstar.meincongstar/de.congstar.meincongstar.features.main.DashboardActivity event : 2 instanceId : 30403380)
11-30 02:10:59.657  1492  4751 I ActivityTaskManager: START u0 {flg=0x1003c000 cmp=de.congstar.meincongstar/.features.login.LoginActivity} from uid 10253
11-30 02:10:59.677  1492  4751 I WindowManager: Queue is too deep! Purged item with taskid=209
11-30 02:10:59.766  1492  4618 W ActivityTaskManager: Tried to set launchTime (0) < mLastActivityLaunchTime (21427416)
11-30 02:10:59.832  1492  4618 I ActivityTaskManager: START u0 {flg=0x4000000 cmp=de.congstar.meincongstar/.features.main.DashboardActivity} from uid 10253
11-30 02:10:59.866  1492  4618 I ActivityTaskManager: START u0 {act=android.intent.action.VIEW dat= cmp=de.congstar.meincongstar/.features.deeplink.DeepLinkActivity} from uid 10253
11-30 02:10:59.875  1492  4618 W ActivityTaskManager: Tried to set launchTime (0) < mLastActivityLaunchTime (21427628)
11-30 02:10:59.875  1492  4618 W ActivityTaskManager: Tried to set launchTime (0) < mLastActivityLaunchTime (21427628)
11-30 02:10:59.885  1492  1614 W UsageStatsService: Unexpected activity event reported! (de.congstar.meincongstar/de.congstar.meincongstar.features.main.DashboardActivity event : 2 instanceId : 235968642)
11-30 02:10:59.978  1492  4751 I ActivityTaskManager: START u0 {flg=0x1003c000 cmp=de.congstar.meincongstar/.features.login.LoginActivity} from uid 10253
11-30 02:10:59.993  1492  4751 I WindowManager: Queue is too deep! Purged item with taskid=209
11-30 02:11:00.084  1492  4618 W ActivityTaskManager: Tried to set launchTime (0) < mLastActivityLaunchTime (21427738)
11-30 02:11:00.152  1492  4685 I ActivityTaskManager: START u0 {flg=0x4000000 cmp=de.congstar.meincongstar/.features.main.DashboardActivity} from uid 10253
11-30 02:11:00.184  1492  4618 I ActivityTaskManager: START u0 {act=android.intent.action.VIEW dat= cmp=de.congstar.meincongstar/.features.deeplink.DeepLinkActivity} from uid 10253
11-30 02:11:00.189  1492  4618 W ActivityTaskManager: Tried to set launchTime (0) < mLastActivityLaunchTime (21427946)
11-30 02:11:00.189  1492  4618 W ActivityTaskManager: Tried to set launchTime (0) < mLastActivityLaunchTime (21427946)
11-30 02:11:00.200  1492  1614 W UsageStatsService: Unexpected activity event reported! (de.congstar.meincongstar/de.congstar.meincongstar.features.main.DashboardActivity event : 2 instanceId : 66568415)
11-30 02:11:00.294  1492  4618 I ActivityTaskManager: START u0 {flg=0x1003c000 cmp=de.congstar.meincongstar/.features.login.LoginActivity} from uid 10253
11-30 02:11:00.306  1492  4618 I WindowManager: Queue is too deep! Purged item with taskid=209
11-30 02:11:00.423  1492  4751 W ActivityTaskManager: Tried to set launchTime (0) < mLastActivityLaunchTime (21428052)
11-30 02:11:00.486  1492  4751 I ActivityTaskManager: START u0 {flg=0x4000000 cmp=de.congstar.meincongstar/.features.main.DashboardActivity} from uid 10253
11-30 02:11:00.512  1492  4751 I ActivityTaskManager: START u0 {act=android.intent.action.VIEW dat= cmp=de.congstar.meincongstar/.features.deeplink.DeepLinkActivity} from uid 10253
11-30 02:11:00.523  1492  4618 W ActivityTaskManager: Tried to set launchTime (0) < mLastActivityLaunchTime (21428284)
11-30 02:11:00.524  1492  4618 W ActivityTaskManager: Tried to set launchTime (0) < mLastActivityLaunchTime (21428284)
11-30 02:11:00.534  1492  1614 W UsageStatsService: Unexpected activity event reported! (de.congstar.meincongstar/de.congstar.meincongstar.features.main.DashboardActivity event : 2 instanceId : 3942714)
11-30 02:11:00.629  1492  4751 I ActivityTaskManager: START u0 {flg=0x1003c000 cmp=de.congstar.meincongstar/.features.login.LoginActivity} from uid 10253
11-30 02:11:00.643  1492  4751 I WindowManager: Queue is too deep! Purged item with taskid=209
11-30 02:11:00.729  1492  4618 W ActivityTaskManager: Tried to set launchTime (0) < mLastActivityLaunchTime (21428386)
11-30 02:11:00.791  1492  4618 I ActivityTaskManager: START u0 {flg=0x4000000 cmp=de.congstar.meincongstar/.features.main.DashboardActivity} from uid 10253
11-30 02:11:00.821  1492  4618 I ActivityTaskManager: START u0 {act=android.intent.action.VIEW dat= cmp=de.congstar.meincongstar/.features.deeplink.DeepLinkActivity} from uid 10253
11-30 02:11:00.831  1492  4618 W ActivityTaskManager: Tried to set launchTime (0) < mLastActivityLaunchTime (21428591)
11-30 02:11:00.832  1492  4618 W ActivityTaskManager: Tried to set launchTime (0) < mLastActivityLaunchTime (21428591)
11-30 02:11:00.839  1492  1614 W UsageStatsService: Unexpected activity event reported! (de.congstar.meincongstar/de.congstar.meincongstar.features.main.DashboardActivity event : 2 instanceId : 161525368)
11-30 02:11:00.842  1492  1563 I DisplayManagerService: Display device changed: DisplayDeviceInfo{"Integrierter Bildschirm": uniqueId="local:19260504575090817", 1080 x 2340, modeId 1, defaultModeId 2, supportedModes [{id=1, width=1080, height=2340, fps=90.0}, {id=2, width=1080, height=2340, fps=60.000004}], colorMode 0, supportedColorModes [0, 7, 9], HdrCapabilities HdrCapabilities{mSupportedHdrTypes=[2, 3], mMaxLuminance=500.0, mMaxAverageLuminance=500.0, mMinLuminance=0.0}, allmSupported false, gameContentTypeSupported false, density 440, 435.428 x 433.839 dpi, appVsyncOff 2333333, presDeadline 11500000, cutout DisplayCutout{insets=Rect(0, 136 - 0, 0) waterfall=Insets{left=0, top=0, right=0, bottom=0} boundingRect={Bounds=[Rect(0, 0 - 0, 0), Rect(0, 0 - 136, 136), Rect(0, 0 - 0, 0), Rect(0, 0 - 0, 0)]}}, touch INTERNAL, rotation 0, type INTERNAL, address {port=129, model=0x446d53ad64a0}, deviceProductInfo DeviceProductInfo{name=, manufacturerPnpId=QCM, productId=1, modelYear=null, manufactureDate=ManufactureDate{week=27, year=2006}, relativeAddress=null}, state ON, FLAG_DEFAULT_DISPLAY, FLAG_ROTATES_WITH_CONTENT, FLAG_SECURE, FLAG_SUPPORTS_PROTECTED_BUFFERS}
11-30 02:11:00.932  1492  4605 I ActivityTaskManager: START u0 {flg=0x1003c000 cmp=de.congstar.meincongstar/.features.login.LoginActivity} from uid 10253
11-30 02:11:00.948  1492  4605 I WindowManager: Queue is too deep! Purged item with taskid=209
11-30 02:11:01.037  1492  4618 W ActivityTaskManager: Tried to set launchTime (0) < mLastActivityLaunchTime (21428694)
11-30 02:11:01.101  1492  4605 I ActivityTaskManager: START u0 {flg=0x4000000 cmp=de.congstar.meincongstar/.features.main.DashboardActivity} from uid 10253
11-30 02:11:01.131  1492  4605 I ActivityTaskManager: START u0 {act=android.intent.action.VIEW dat= cmp=de.congstar.meincongstar/.features.deeplink.DeepLinkActivity} from uid 10253
11-30 02:11:01.142  1492  4605 W ActivityTaskManager: Tried to set launchTime (0) < mLastActivityLaunchTime (21428899)
11-30 02:11:01.142  1492  4605 W ActivityTaskManager: Tried to set launchTime (0) < mLastActivityLaunchTime (21428899)
11-30 02:11:01.154  1492  1614 W UsageStatsService: Unexpected activity event reported! (de.congstar.meincongstar/de.congstar.meincongstar.features.main.DashboardActivity event : 2 instanceId : 98609063)
11-30 02:11:01.233  1492  4618 I ActivityTaskManager: START u0 {flg=0x1003c000 cmp=de.congstar.meincongstar/.features.login.LoginActivity} from uid 10253
11-30 02:11:01.250  1492  4618 I WindowManager: Queue is too deep! Purged item with taskid=209
11-30 02:11:01.346  1492  4685 W ActivityTaskManager: Tried to set launchTime (0) < mLastActivityLaunchTime (21429005)
11-30 02:11:01.433  1492  4685 I ActivityTaskManager: START u0 {flg=0x4000000 cmp=de.congstar.meincongstar/.features.main.DashboardActivity} from uid 10253
11-30 02:11:01.474  1492  4685 I ActivityTaskManager: START u0 {act=android.intent.action.VIEW dat= cmp=de.congstar.meincongstar/.features.deeplink.DeepLinkActivity} from uid 10253
11-30 02:11:01.485  1492  4685 W ActivityTaskManager: Tried to set launchTime (0) < mLastActivityLaunchTime (21429208)
11-30 02:11:01.486  1492  4685 W ActivityTaskManager: Tried to set launchTime (0) < mLastActivityLaunchTime (21429208)
11-30 02:11:01.497  1492  1614 W UsageStatsService: Unexpected activity event reported! (de.congstar.meincongstar/de.congstar.meincongstar.features.main.DashboardActivity event : 2 instanceId : 187904621)
11-30 02:11:01.599  1492  4685 I ActivityTaskManager: START u0 {flg=0x1003c000 cmp=de.congstar.meincongstar/.features.login.LoginActivity} from uid 10253
11-30 02:11:01.615  1492  4685 I WindowManager: Queue is too deep! Purged item with taskid=209
11-30 02:11:01.707  1492  4685 W ActivityTaskManager: Tried to set launchTime (0) < mLastActivityLaunchTime (21429348)
11-30 02:11:01.758  1492  1563 I DisplayManagerService: Display device changed: DisplayDeviceInfo{"Integrierter Bildschirm": uniqueId="local:19260504575090817", 1080 x 2340, modeId 2, defaultModeId 2, supportedModes [{id=1, width=1080, height=2340, fps=90.0}, {id=2, width=1080, height=2340, fps=60.000004}], colorMode 0, supportedColorModes [0, 7, 9], HdrCapabilities HdrCapabilities{mSupportedHdrTypes=[2, 3], mMaxLuminance=500.0, mMaxAverageLuminance=500.0, mMinLuminance=0.0}, allmSupported false, gameContentTypeSupported false, density 440, 435.428 x 433.839 dpi, appVsyncOff 2333332, presDeadline 11500000, cutout DisplayCutout{insets=Rect(0, 136 - 0, 0) waterfall=Insets{left=0, top=0, right=0, bottom=0} boundingRect={Bounds=[Rect(0, 0 - 0, 0), Rect(0, 0 - 136, 136), Rect(0, 0 - 0, 0), Rect(0, 0 - 0, 0)]}}, touch INTERNAL, rotation 0, type INTERNAL, address {port=129, model=0x446d53ad64a0}, deviceProductInfo DeviceProductInfo{name=, manufacturerPnpId=QCM, productId=1, modelYear=null, manufactureDate=ManufactureDate{week=27, year=2006}, relativeAddress=null}, state ON, FLAG_DEFAULT_DISPLAY, FLAG_ROTATES_WITH_CONTENT, FLAG_SECURE, FLAG_SUPPORTS_PROTECTED_BUFFERS}
11-30 02:11:01.778  1492  4605 I ActivityTaskManager: START u0 {flg=0x4000000 cmp=de.congstar.meincongstar/.features.main.DashboardActivity} from uid 10253
11-30 02:11:01.806  1492  4605 I ActivityTaskManager: START u0 {act=android.intent.action.VIEW dat= cmp=de.congstar.meincongstar/.features.deeplink.DeepLinkActivity} from uid 10253
11-30 02:11:01.813  1492  4685 W ActivityTaskManager: Tried to set launchTime (0) < mLastActivityLaunchTime (21429568)
11-30 02:11:01.813  1492  4685 W ActivityTaskManager: Tried to set launchTime (0) < mLastActivityLaunchTime (21429568)
11-30 02:11:01.832  1492  1614 W UsageStatsService: Unexpected activity event reported! (de.congstar.meincongstar/de.congstar.meincongstar.features.main.DashboardActivity event : 2 instanceId : 258990112)
11-30 02:11:01.870  1492  1563 I DisplayManagerService: Display device changed: DisplayDeviceInfo{"Integrierter Bildschirm": uniqueId="local:19260504575090817", 1080 x 2340, modeId 1, defaultModeId 2, supportedModes [{id=1, width=1080, height=2340, fps=90.0}, {id=2, width=1080, height=2340, fps=60.000004}], colorMode 0, supportedColorModes [0, 7, 9], HdrCapabilities HdrCapabilities{mSupportedHdrTypes=[2, 3], mMaxLuminance=500.0, mMaxAverageLuminance=500.0, mMinLuminance=0.0}, allmSupported false, gameContentTypeSupported false, density 440, 435.428 x 433.839 dpi, appVsyncOff 2333333, presDeadline 11500000, cutout DisplayCutout{insets=Rect(0, 136 - 0, 0) waterfall=Insets{left=0, top=0, right=0, bottom=0} boundingRect={Bounds=[Rect(0, 0 - 0, 0), Rect(0, 0 - 136, 136), Rect(0, 0 - 0, 0), Rect(0, 0 - 0, 0)]}}, touch INTERNAL, rotation 0, type INTERNAL, address {port=129, model=0x446d53ad64a0}, deviceProductInfo DeviceProductInfo{name=, manufacturerPnpId=QCM, productId=1, modelYear=null, manufactureDate=ManufactureDate{week=27, year=2006}, relativeAddress=null}, state ON, FLAG_DEFAULT_DISPLAY, FLAG_ROTATES_WITH_CONTENT, FLAG_SECURE, FLAG_SUPPORTS_PROTECTED_BUFFERS}
11-30 02:11:01.957  1492  4619 I ActivityTaskManager: START u0 {flg=0x1003c000 cmp=de.congstar.meincongstar/.features.login.LoginActivity} from uid 10253
11-30 02:11:01.978  1492  4619 I WindowManager: Queue is too deep! Purged item with taskid=209
11-30 02:11:02.114  1492  4623 W ActivityTaskManager: Tried to set launchTime (0) < mLastActivityLaunchTime (21429677)
11-30 02:11:02.193  1492  4623 I ActivityTaskManager: START u0 {flg=0x4000000 cmp=de.congstar.meincongstar/.features.main.DashboardActivity} from uid 10253
11-30 02:11:02.223  1492  2529 I ActivityTaskManager: START u0 {act=android.intent.action.VIEW dat= cmp=de.congstar.meincongstar/.features.deeplink.DeepLinkActivity} from uid 10253
11-30 02:11:02.238  1492  4623 W ActivityTaskManager: Tried to set launchTime (0) < mLastActivityLaunchTime (21429976)
11-30 02:11:02.239  1492  4623 W ActivityTaskManager: Tried to set launchTime (0) < mLastActivityLaunchTime (21429976)
11-30 02:11:02.247  1492  1614 W UsageStatsService: Unexpected activity event reported! (de.congstar.meincongstar/de.congstar.meincongstar.features.main.DashboardActivity event : 2 instanceId : 248376960)
11-30 02:11:02.340  1492  4623 I ActivityTaskManager: START u0 {flg=0x1003c000 cmp=de.congstar.meincongstar/.features.login.LoginActivity} from uid 10253
11-30 02:11:02.359  1492  4623 I WindowManager: Queue is too deep! Purged item with taskid=209
11-30 02:11:02.790  1492  4619 W ActivityManager: Unable to start service Intent { act=android.support.customtabs.action.CustomTabsService pkg=com.android.chrome } U=0: not found
--------- beginning of main
11-30 02:11:03.322  1965  1965 W native  : event_matcher.cc:56 Frame 21431177305000 earlier than last matched event: 21431178133000; dropping
11-30 02:11:03.342 24254 24254 V GlobalScreenshot: clearing screenshot: close system dialogs
11-30 02:11:03.342  2077  2077 V ShadeControllerImpl: NotificationShadeWindow: com.android.systemui.statusbar.phone.NotificationShadeWindowView{f335cc7 I.E...... ......ID 0,0-1080,2340} canPanelBeCollapsed(): false
11-30 02:11:03.428  1965  1965 W native  : event_matcher.cc:44 Event queue exceeds maximum size; dropping oldest
11-30 02:11:03.545  1965  1965 W native  : event_matcher.cc:44 Event queue exceeds maximum size; dropping oldest
11-30 02:11:03.554   873  1783 I CapoDetector: handleNanoappMessage, Id 5147455389092024354, type 3, size 8
11-30 02:11:04.456  2476  2476 D RecentsOrientedState: current RecentsOrientedState: [this=RecentsOrientedState@10e44cf mOrientationHandler=PortraitPagedViewHandler@3248e5c mDisplayRotation=0 mTouchRotation=0 mRecentsActivityRotation=0 isRecentsActivityRotationAllowed=false mSystemRotation=false mFlags=291]
11-30 02:11:04.456  2476  2476 D RecentsOrientedState: current RecentsOrientedState: [this=RecentsOrientedState@10e44cf mOrientationHandler=PortraitPagedViewHandler@3248e5c mDisplayRotation=0 mTouchRotation=0 mRecentsActivityRotation=0 isRecentsActivityRotationAllowed=false mSystemRotation=false mFlags=291]
11-30 02:11:04.636   894  2472 I WifiHAL : event received NL80211_CMD_VENDOR, vendor_id = 0x1374, subcmd = 0xd
11-30 02:11:05.130  1965  1965 W native  : event_matcher.cc:56 Frame 21432984732000 earlier than last matched event: 21432986243000; dropping
11-30 02:11:05.145 24254 24254 V GlobalScreenshot: clearing screenshot: close system dialogs
11-30 02:11:05.145  2077  2077 V ShadeControllerImpl: NotificationShadeWindow: com.android.systemui.statusbar.phone.NotificationShadeWindowView{f335cc7 I.E...... ......ID 0,0-1080,2340} canPanelBeCollapsed(): false
11-30 02:11:05.235  1965  1965 W native  : event_matcher.cc:44 Event queue exceeds maximum size; dropping oldest
11-30 02:11:05.335  1965  1965 I chatty  : uid=9999(nobody) classifier@1.0- identical 21 lines
11-30 02:11:05.341  1965  1965 W native  : event_matcher.cc:44 Event queue exceeds maximum size; dropping oldest
11-30 02:11:05.354   873  1783 I CapoDetector: handleNanoappMessage, Id 5147455389092024354, type 3, size 8
11-30 02:11:05.354   889  1911 I chatty  : uid=1000(system) sensors@2.0-ser expire 6 lines
11-30 02:11:05.630  1965  1965 W native  : event_matcher.cc:56 Frame 21433473748000 earlier than last matched event: 21433474593000; dropping
11-30 02:11:05.666  1492  4685 W ActivityTaskManager: Tried to set launchTime (0) < mLastActivityLaunchTime (21430101)
11-30 02:11:05.672  2077  2077 W Choreographer: Frame time is 0.038321 ms in the future!  Check that graphics HAL is generating vsync timestamps using the correct timebase.
11-30 02:11:05.673   889   985 I chatty  : uid=1000(system) sensors@2.0-ser expire 8 lines
11-30 02:11:05.674   873  1783 I CapoDetector: handleNanoappMessage, Id 5147455389092024354, type 3, size 8
11-30 02:11:05.674  1492  1974 I chatty  : uid=1000(system) HwBinder:1492_2 expire 6 lines
11-30 02:11:05.678 10403 10403 I AppCompatDelegate: The Activity's LayoutInflater already has a Factory installed so we can not install AppCompat's
11-30 02:11:05.701 10403 10403 I TextInputLayout: EditText added is not a TextInputEditText. Please switch to using that class instead.
11-30 02:11:05.704  2476  2476 D RecentsOrientedState: current RecentsOrientedState: [this=RecentsOrientedState@fe46d48 mOrientationHandler=PortraitPagedViewHandler@3248e5c mDisplayRotation=0 mTouchRotation=0 mRecentsActivityRotation=0 isRecentsActivityRotationAllowed=false mSystemRotation=false mFlags=35]
11-30 02:11:05.705  2476  2476 D RecentsOrientedState: current RecentsOrientedState: [this=RecentsOrientedState@fe46d48 mOrientationHandler=PortraitPagedViewHandler@3248e5c mDisplayRotation=0 mTouchRotation=0 mRecentsActivityRotation=0 isRecentsActivityRotationAllowed=false mSystemRotation=false mFlags=35]
11-30 02:11:05.706 10403 10403 I TextInputLayout: EditText added is not a TextInputEditText. Please switch to using that class instead.
11-30 02:11:05.715  1492  2529 I ActivityTaskManager: START u0 {flg=0x4000000 cmp=de.congstar.meincongstar/.features.main.DashboardActivity} from uid 10253
11-30 02:11:05.721  1492  4685 I ActivityTaskManager: START u0 {act=android.intent.action.VIEW dat= cmp=de.congstar.meincongstar/.features.deeplink.DeepLinkActivity} from uid 10253
11-30 02:11:05.721  1492  4685 W ActivityTaskManager: Activity start request from 10253 stopped
11-30 02:11:05.722  1492  4685 W ActivityTaskManager: Tried to set launchTime (0) < mLastActivityLaunchTime (21433528)
11-30 02:11:05.727 10403 10403 I AppCompatDelegate: The Activity's LayoutInflater already has a Factory installed so we can not install AppCompat's
11-30 02:11:05.804 10403 11294 W ContextImpl: Failed to ensure /data/user/0/com.google.android.gms/shared_prefs: mkdir failed: ENOENT (No such file or directory)
11-30 02:11:05.813 10403 11297 W ContextImpl: Failed to ensure /data/user/0/com.google.android.gms/shared_prefs: mkdir failed: ENOENT (No such file or directory)
11-30 02:11:05.856  1492  2529 W ActivityManager: Unable to start service Intent { act=android.support.customtabs.action.CustomTabsService pkg=com.android.chrome } U=0: not found
11-30 02:11:05.860  1492  2549 W ActivityManager: Unable to start service Intent { act=android.support.customtabs.action.CustomTabsService pkg=com.android.chrome } U=0: not found
11-30 02:11:05.882 10403 10403 I ViewTarget: Glide treats LayoutParams.WRAP_CONTENT as a request for an image the size of this device's screen dimensions. If you want to load the original image and are ok with the corresponding memory cost and OOMs (depending on the input size), use override(Target.SIZE_ORIGINAL). Otherwise, use LayoutParams.MATCH_PARENT, set layout_width and layout_height to fixed dimension, or use .override() with fixed dimensions.
