11-30 02:11:05.882 10403 10403 I ViewTarget: Glide treats LayoutParams.WRAP_CONTENT as a request for an image the size of this device's screen dimensions. If you want to load the original image and are ok with the corresponding memory cost and OOMs (depending on the input size), use override(Target.SIZE_ORIGINAL). Otherwise, use LayoutParams.MATCH_PARENT, set layout_width and layout_height to fixed dimension, or use .override() with fixed dimensions.
11-30 02:11:05.888  3398  3398 I GoogleInputMethodService: GoogleInputMethodService.onFinishInput():3301 
11-30 02:11:05.888  3398  3398 I GoogleInputMethodService: GoogleInputMethodService.onStartInput():1979 
11-30 02:11:05.889  3398  3398 I DeviceUnlockedTag: DeviceUnlockedTag.notifyDeviceLockStatusChanged():79 Notify device unlocked.
11-30 02:11:06.041  2476  2476 D RecentsOrientedState: current RecentsOrientedState: [this=RecentsOrientedState@10e44cf mOrientationHandler=PortraitPagedViewHandler@3248e5c mDisplayRotation=0 mTouchRotation=0 mRecentsActivityRotation=0 isRecentsActivityRotationAllowed=false mSystemRotation=false mFlags=291]
11-30 02:11:06.041  2476  2476 D RecentsOrientedState: current RecentsOrientedState: [this=RecentsOrientedState@10e44cf mOrientationHandler=PortraitPagedViewHandler@3248e5c mDisplayRotation=0 mTouchRotation=0 mRecentsActivityRotation=0 isRecentsActivityRotationAllowed=false mSystemRotation=false mFlags=291]
11-30 02:11:06.057   580   580 E Layer   : [Surface(name=Task=1)/@0xd855177 - animation-leash#0] No local sync point found
11-30 02:11:06.057   580   580 E Layer   : [Surface(name=Task=209)/@0x5e23919 - animation-leash#0] No local sync point found
11-30 02:11:06.375   889  2633 I chatty  : uid=1000(system) POSIX timer 0 expire 8 lines
11-30 02:11:06.481  1965  1965 W native  : event_matcher.cc:56 Frame 21434296853000 earlier than last matched event: 21434297949000; dropping
11-30 02:11:06.639   894  2472 I WifiHAL : event received NL80211_CMD_VENDOR, vendor_id = 0x1374, subcmd = 0xd
11-30 02:11:07.226  1965  1965 W native  : event_matcher.cc:56 Frame 21435081889000 earlier than last matched event: 21435083369000; dropping
11-30 02:11:07.389  1492  4618 W ActivityTaskManager: Tried to set launchTime (0) < mLastActivityLaunchTime (21433583)
11-30 02:11:07.407  1492  2549 I ActivityTaskManager: START u0 {flg=0x1003c000 cmp=de.congstar.meincongstar/.features.login.LoginActivity} from uid 10253
11-30 02:11:07.438  1492  4618 W ActivityTaskManager: Tried to set launchTime (0) < mLastActivityLaunchTime (21435250)
11-30 02:11:07.447 10403 10403 I AppCompatDelegate: The Activity's LayoutInflater already has a Factory installed so we can not install AppCompat's
11-30 02:11:07.457 10403 10403 I TextInputLayout: EditText added is not a TextInputEditText. Please switch to using that class instead.
11-30 02:11:07.460 10403 10403 I TextInputLayout: EditText added is not a TextInputEditText. Please switch to using that class instead.
11-30 02:11:07.470  1492  4618 I ActivityTaskManager: START u0 {flg=0x4000000 cmp=de.congstar.meincongstar/.features.main.DashboardActivity} from uid 10253
11-30 02:11:07.476  1492  2529 I ActivityTaskManager: START u0 {act=android.intent.action.VIEW dat= cmp=de.congstar.meincongstar/.features.deeplink.DeepLinkActivity} from uid 10253
11-30 02:11:07.480  1492  2529 W ActivityTaskManager: Tried to set launchTime (0) < mLastActivityLaunchTime (21435299)
11-30 02:11:07.480  1492  2529 W ActivityTaskManager: Tried to set launchTime (0) < mLastActivityLaunchTime (21435299)
11-30 02:11:07.483  1492  1614 W UsageStatsService: Unexpected activity event reported! (de.congstar.meincongstar/de.congstar.meincongstar.features.main.DashboardActivity event : 2 instanceId : 37590401)
11-30 02:11:07.490 10403 10403 I AppCompatDelegate: The Activity's LayoutInflater already has a Factory installed so we can not install AppCompat's
11-30 02:11:07.562  1492  4618 I ActivityTaskManager: START u0 {flg=0x1003c000 cmp=de.congstar.meincongstar/.features.login.LoginActivity} from uid 10253
11-30 02:11:07.623  1492  2529 W ActivityTaskManager: Tried to set launchTime (0) < mLastActivityLaunchTime (21435341)
11-30 02:11:07.649 10403 10403 I AppCompatDelegate: The Activity's LayoutInflater already has a Factory installed so we can not install AppCompat's
11-30 02:11:07.657 10403 10403 I TextInputLayout: EditText added is not a TextInputEditText. Please switch to using that class instead.
11-30 02:11:07.660 10403 10403 I TextInputLayout: EditText added is not a TextInputEditText. Please switch to using that class instead.
11-30 02:11:07.668  1492  4618 I ActivityTaskManager: START u0 {flg=0x4000000 cmp=de.congstar.meincongstar/.features.main.DashboardActivity} from uid 10253
11-30 02:11:07.692 10403 10403 I ViewTarget: Glide treats LayoutParams.WRAP_CONTENT as a request for an image the size of this device's screen dimensions. If you want to load the original image and are ok with the corresponding memory cost and OOMs (depending on the input size), use override(Target.SIZE_ORIGINAL). Otherwise, use LayoutParams.MATCH_PARENT, set layout_width and layout_height to fixed dimension, or use .override() with fixed dimensions.
11-30 02:11:07.692 10403 10403 I ViewTarget: Glide treats LayoutParams.WRAP_CONTENT as a request for an image the size of this device's screen dimensions. If you want to load the original image and are ok with the corresponding memory cost and OOMs (depending on the input size), use override(Target.SIZE_ORIGINAL). Otherwise, use LayoutParams.MATCH_PARENT, set layout_width and layout_height to fixed dimension, or use .override() with fixed dimensions.
11-30 02:11:07.696  1492  4618 I ActivityTaskManager: START u0 {act=android.intent.action.VIEW dat= cmp=de.congstar.meincongstar/.features.deeplink.DeepLinkActivity} from uid 10253
11-30 02:11:07.701  1492  4618 W ActivityTaskManager: Tried to set launchTime (0) < mLastActivityLaunchTime (21435485)
11-30 02:11:07.701  1492  4618 W ActivityTaskManager: Tried to set launchTime (0) < mLastActivityLaunchTime (21435485)
11-30 02:11:07.707  1492  1614 W UsageStatsService: Unexpected activity event reported! (de.congstar.meincongstar/de.congstar.meincongstar.features.main.DashboardActivity event : 2 instanceId : 146776216)
11-30 02:11:07.713 10403 10403 I AppCompatDelegate: The Activity's LayoutInflater already has a Factory installed so we can not install AppCompat's
11-30 02:11:07.783  1492  2549 I ActivityTaskManager: START u0 {flg=0x1003c000 cmp=de.congstar.meincongstar/.features.login.LoginActivity} from uid 10253
11-30 02:11:07.796  1492  2549 I WindowManager: Queue is too deep! Purged item with taskid=209
11-30 02:11:07.845  2476  2476 D RecentsOrientedState: current RecentsOrientedState: [this=RecentsOrientedState@354ceea mOrientationHandler=PortraitPagedViewHandler@3248e5c mDisplayRotation=0 mTouchRotation=0 mRecentsActivityRotation=0 isRecentsActivityRotationAllowed=false mSystemRotation=false mFlags=35]
11-30 02:11:07.845  2476  2476 I chatty  : uid=10163(com.android.launcher3) identical 6 lines
11-30 02:11:07.845  2476  2476 D RecentsOrientedState: current RecentsOrientedState: [this=RecentsOrientedState@354ceea mOrientationHandler=PortraitPagedViewHandler@3248e5c mDisplayRotation=0 mTouchRotation=0 mRecentsActivityRotation=0 isRecentsActivityRotationAllowed=false mSystemRotation=false mFlags=35]
11-30 02:11:07.846  2476  2476 D RecentsOrientedState: current RecentsOrientedState: [this=RecentsOrientedState@10e44cf mOrientationHandler=PortraitPagedViewHandler@3248e5c mDisplayRotation=0 mTouchRotation=0 mRecentsActivityRotation=0 isRecentsActivityRotationAllowed=false mSystemRotation=false mFlags=35]
11-30 02:11:07.846  2476  2476 D RecentsOrientedState: current RecentsOrientedState: [this=RecentsOrientedState@10e44cf mOrientationHandler=PortraitPagedViewHandler@3248e5c mDisplayRotation=0 mTouchRotation=0 mRecentsActivityRotation=0 isRecentsActivityRotationAllowed=false mSystemRotation=false mFlags=35]
11-30 02:11:07.848  1965  1965 W native  : event_matcher.cc:56 Frame 21435703444000 earlier than last matched event: 21435704082000; dropping
11-30 02:11:07.864  1492  2529 W ActivityTaskManager: Tried to set launchTime (0) < mLastActivityLaunchTime (21435563)
11-30 02:11:07.876  2476  2476 D RecentsOrientedState: current RecentsOrientedState: [this=RecentsOrientedState@354ceea mOrientationHandler=PortraitPagedViewHandler@3248e5c mDisplayRotation=0 mTouchRotation=0 mRecentsActivityRotation=0 isRecentsActivityRotationAllowed=false mSystemRotation=false mFlags=35]
11-30 02:11:07.876  2476  2476 D RecentsOrientedState: current RecentsOrientedState: [this=RecentsOrientedState@354ceea mOrientationHandler=PortraitPagedViewHandler@3248e5c mDisplayRotation=0 mTouchRotation=0 mRecentsActivityRotation=0 isRecentsActivityRotationAllowed=false mSystemRotation=false mFlags=35]
11-30 02:11:07.876  2476  2476 D RecentsOrientedState: current RecentsOrientedState: [this=RecentsOrientedState@10e44cf mOrientationHandler=PortraitPagedViewHandler@3248e5c mDisplayRotation=0 mTouchRotation=0 mRecentsActivityRotation=0 isRecentsActivityRotationAllowed=false mSystemRotation=false mFlags=35]
11-30 02:11:07.876  2476  2476 D RecentsOrientedState: current RecentsOrientedState: [this=RecentsOrientedState@10e44cf mOrientationHandler=PortraitPagedViewHandler@3248e5c mDisplayRotation=0 mTouchRotation=0 mRecentsActivityRotation=0 isRecentsActivityRotationAllowed=false mSystemRotation=false mFlags=35]
11-30 02:11:07.886  2476  2476 D RecentsOrientedState: current RecentsOrientedState: [this=RecentsOrientedState@10e44cf mOrientationHandler=PortraitPagedViewHandler@3248e5c mDisplayRotation=0 mTouchRotation=0 mRecentsActivityRotation=0 isRecentsActivityRotationAllowed=false mSystemRotation=false mFlags=99]
11-30 02:11:07.886  2476  2476 D RecentsOrientedState: current RecentsOrientedState: [this=RecentsOrientedState@10e44cf mOrientationHandler=PortraitPagedViewHandler@3248e5c mDisplayRotation=0 mTouchRotation=0 mRecentsActivityRotation=0 isRecentsActivityRotationAllowed=false mSystemRotation=false mFlags=99]
11-30 02:11:07.888 24254 24254 V GlobalScreenshot: clearing screenshot: close system dialogs
11-30 02:11:07.888  2077  2077 V ShadeControllerImpl: NotificationShadeWindow: com.android.systemui.statusbar.phone.NotificationShadeWindowView{f335cc7 I.E...... ......ID 0,0-1080,2340} canPanelBeCollapsed(): false
11-30 02:11:07.890  2476  2554 W System  : A resource failed to call release. 
11-30 02:11:07.891  2476  2554 W System  : A resource failed to call release. 
11-30 02:11:07.903 10403 10403 I AppCompatDelegate: The Activity's LayoutInflater already has a Factory installed so we can not install AppCompat's
11-30 02:11:07.911  2077  2103 I ndroid.systemu: NativeAlloc concurrent copying GC freed 4552(235KB) AllocSpace objects, 0(0B) LOS objects, 75% free, 10MB/43MB, paused 105us total 108.615ms
11-30 02:11:07.912 10403 10403 I TextInputLayout: EditText added is not a TextInputEditText. Please switch to using that class instead.
11-30 02:11:07.916 10403 10403 I TextInputLayout: EditText added is not a TextInputEditText. Please switch to using that class instead.
11-30 02:11:07.924  1492  2529 I ActivityTaskManager: START u0 {flg=0x4000000 cmp=de.congstar.meincongstar/.features.main.DashboardActivity} from uid 10253
11-30 02:11:07.954  1965  1965 W native  : event_matcher.cc:44 Event queue exceeds maximum size; dropping oldest
11-30 02:11:07.959  1965  1965 W native  : event_matcher.cc:44 Event queue exceeds maximum size; dropping oldest
11-30 02:11:07.965 10403 10403 I ViewTarget: Glide treats LayoutParams.WRAP_CONTENT as a request for an image the size of this device's screen dimensions. If you want to load the original image and are ok with the corresponding memory cost and OOMs (depending on the input size), use override(Target.SIZE_ORIGINAL). Otherwise, use LayoutParams.MATCH_PARENT, set layout_width and layout_height to fixed dimension, or use .override() with fixed dimensions.
11-30 02:11:07.965  1965  1965 W native  : event_matcher.cc:44 Event queue exceeds maximum size; dropping oldest
11-30 02:11:07.965 10403 10403 I ViewTarget: Glide treats LayoutParams.WRAP_CONTENT as a request for an image the size of this device's screen dimensions. If you want to load the original image and are ok with the corresponding memory cost and OOMs (depending on the input size), use override(Target.SIZE_ORIGINAL). Otherwise, use LayoutParams.MATCH_PARENT, set layout_width and layout_height to fixed dimension, or use .override() with fixed dimensions.
11-30 02:11:07.968  1492  2529 I ActivityTaskManager: START u0 {act=android.intent.action.VIEW dat= cmp=de.congstar.meincongstar/.features.deeplink.DeepLinkActivity} from uid 10253
11-30 02:11:07.971  1965  1965 W native  : event_matcher.cc:44 Event queue exceeds maximum size; dropping oldest
11-30 02:11:07.976  1965  1965 W native  : event_matcher.cc:44 Event queue exceeds maximum size; dropping oldest
11-30 02:11:07.977  1492  2549 W ActivityTaskManager: Tried to set launchTime (0) < mLastActivityLaunchTime (21435726)
11-30 02:11:07.977  1492  2549 W ActivityTaskManager: Tried to set launchTime (0) < mLastActivityLaunchTime (21435726)
11-30 02:11:07.982  1965  1965 W native  : event_matcher.cc:44 Event queue exceeds maximum size; dropping oldest
11-30 02:11:07.985  1492  1614 W UsageStatsService: Unexpected activity event reported! (de.congstar.meincongstar/de.congstar.meincongstar.features.main.DashboardActivity event : 2 instanceId : 82647523)
11-30 02:11:07.988  1965  1965 W native  : event_matcher.cc:44 Event queue exceeds maximum size; dropping oldest
11-30 02:11:07.991 10403 10403 I AppCompatDelegate: The Activity's LayoutInflater already has a Factory installed so we can not install AppCompat's
11-30 02:11:07.993  1965  1965 W native  : event_matcher.cc:44 Event queue exceeds maximum size; dropping oldest
11-30 02:11:08.071  1492  4618 I ActivityTaskManager: START u0 {flg=0x1003c000 cmp=de.congstar.meincongstar/.features.login.LoginActivity} from uid 10253
11-30 02:11:08.071  1965  1965 W native  : event_matcher.cc:44 Event queue exceeds maximum size; dropping oldest
11-30 02:11:08.082  1965  1965 W native  : event_matcher.cc:44 Event queue exceeds maximum size; dropping oldest
11-30 02:11:08.086  1492  4618 I WindowManager: Queue is too deep! Purged item with taskid=209
11-30 02:11:08.088  1965  1965 W native  : event_matcher.cc:44 Event queue exceeds maximum size; dropping oldest
11-30 02:11:08.099  1965  1965 W native  : event_matcher.cc:44 Event queue exceeds maximum size; dropping oldest
11-30 02:11:08.113   873  1783 I CapoDetector: handleNanoappMessage, Id 5147455389092024354, type 3, size 8
11-30 02:11:08.168  1492  2529 W ActivityTaskManager: Tried to set launchTime (0) < mLastActivityLaunchTime (21435840)
11-30 02:11:08.202 10403 10403 I AppCompatDelegate: The Activity's LayoutInflater already has a Factory installed so we can not install AppCompat's
11-30 02:11:08.211 10403 10403 I TextInputLayout: EditText added is not a TextInputEditText. Please switch to using that class instead.
11-30 02:11:08.215 10403 10403 I TextInputLayout: EditText added is not a TextInputEditText. Please switch to using that class instead.
11-30 02:11:08.224  1492  4619 I ActivityTaskManager: START u0 {flg=0x4000000 cmp=de.congstar.meincongstar/.features.main.DashboardActivity} from uid 10253
11-30 02:11:08.252 10403 10403 I ViewTarget: Glide treats LayoutParams.WRAP_CONTENT as a request for an image the size of this device's screen dimensions. If you want to load the original image and are ok with the corresponding memory cost and OOMs (depending on the input size), use override(Target.SIZE_ORIGINAL). Otherwise, use LayoutParams.MATCH_PARENT, set layout_width and layout_height to fixed dimension, or use .override() with fixed dimensions.
11-30 02:11:08.253 10403 10403 I ViewTarget: Glide treats LayoutParams.WRAP_CONTENT as a request for an image the size of this device's screen dimensions. If you want to load the original image and are ok with the corresponding memory cost and OOMs (depending on the input size), use override(Target.SIZE_ORIGINAL). Otherwise, use LayoutParams.MATCH_PARENT, set layout_width and layout_height to fixed dimension, or use .override() with fixed dimensions.
11-30 02:11:08.256  1492  4619 I ActivityTaskManager: START u0 {act=android.intent.action.VIEW dat= cmp=de.congstar.meincongstar/.features.deeplink.DeepLinkActivity} from uid 10253
11-30 02:11:08.267  1492  4619 W ActivityTaskManager: Tried to set launchTime (0) < mLastActivityLaunchTime (21436029)
11-30 02:11:08.267  1492  4619 W ActivityTaskManager: Tried to set launchTime (0) < mLastActivityLaunchTime (21436029)
11-30 02:11:08.273  1492  1614 W UsageStatsService: Unexpected activity event reported! (de.congstar.meincongstar/de.congstar.meincongstar.features.main.DashboardActivity event : 2 instanceId : 63253313)
11-30 02:11:08.282 10403 10403 I AppCompatDelegate: The Activity's LayoutInflater already has a Factory installed so we can not install AppCompat's
11-30 02:11:08.306 10403 10415 I CongstarProces: Background young concurrent copying GC freed 708043(38MB) AllocSpace objects, 1586(32MB) LOS objects, 61% free, 40MB/104MB, paused 1.356ms total 250.870ms
11-30 02:11:08.375  1492  4751 I ActivityTaskManager: START u0 {flg=0x1003c000 cmp=de.congstar.meincongstar/.features.login.LoginActivity} from uid 10253
11-30 02:11:08.377 28734 27298 I chatty  : uid=10136(com.google.android.gms) Binder:28734_C expire 11 lines
11-30 02:11:08.393  1492  4751 I WindowManager: Queue is too deep! Purged item with taskid=209
11-30 02:11:08.443  2476  2476 D RecentsOrientedState: current RecentsOrientedState: [this=RecentsOrientedState@10e44cf mOrientationHandler=PortraitPagedViewHandler@3248e5c mDisplayRotation=0 mTouchRotation=0 mRecentsActivityRotation=0 isRecentsActivityRotationAllowed=false mSystemRotation=false mFlags=355]
11-30 02:11:08.443  2476  2476 D RecentsOrientedState: current RecentsOrientedState: [this=RecentsOrientedState@10e44cf mOrientationHandler=PortraitPagedViewHandler@3248e5c mDisplayRotation=0 mTouchRotation=0 mRecentsActivityRotation=0 isRecentsActivityRotationAllowed=false mSystemRotation=false mFlags=355]
11-30 02:11:08.456  3398  3398 I GoogleInputMethodService: GoogleInputMethodService.onFinishInput():3301 
11-30 02:11:08.457  3398  3398 I GoogleInputMethodService: GoogleInputMethodService.onStartInput():1979 
11-30 02:11:08.457  3398  3398 I DeviceUnlockedTag: DeviceUnlockedTag.notifyDeviceLockStatusChanged():79 Notify device unlocked.
11-30 02:11:08.642   894  2472 I WifiHAL : event received NL80211_CMD_VENDOR, vendor_id = 0x1374, subcmd = 0xd
11-30 02:11:09.299  1492  1502 I chatty  : uid=1000(system) HeapTaskDaemon expire 1 line
11-30 02:11:09.342  1492  1504 I chatty  : uid=1000(system) FinalizerDaemon expire 95 lines
11-30 02:11:09.484  1965  1965 W native  : event_matcher.cc:56 Frame 21437338574000 earlier than last matched event: 21437339758000; dropping
11-30 02:11:09.593   873  1783 I CapoDetector: handleNanoappMessage, Id 5147455389092024354, type 3, size 8
11-30 02:11:09.594   889  1911 I sensors-hal: onBaroPeakMessage:81, Barometric peak detected: magnitude = 0.219042 hPa (bucket: 5), duration = 79.000000 ms (bucket: 7).
11-30 02:11:09.595   889  1911 I sensors-hal: reportVendorAtom:28, Vendor atom [id = 100047] reported.
11-30 02:11:09.851  1965  1965 W native  : event_matcher.cc:56 Frame 21437705574000 earlier than last matched event: 21437706323000; dropping
11-30 02:11:09.859  1492  1563 I ActivityManager: Killing 10403:de.congstar.meincongstar:CongstarProcess/u0a253 (adj 900): remove task
11-30 02:11:09.871 24254 24254 V GlobalScreenshot: clearing screenshot: close system dialogs
11-30 02:11:09.871  2077  2077 V ShadeControllerImpl: NotificationShadeWindow: com.android.systemui.statusbar.phone.NotificationShadeWindowView{f335cc7 I.E...... ......ID 0,0-1080,2340} canPanelBeCollapsed(): false
11-30 02:11:09.940  2476  2476 E OverviewToHomeAnim: animateFromOverviewToHome: unexpected start state Normal
11-30 02:11:09.943  2077  2077 V ShadeControllerImpl: NotificationShadeWindow: com.android.systemui.statusbar.phone.NotificationShadeWindowView{f335cc7 I.E...... ......ID 0,0-1080,2340} canPanelBeCollapsed(): false
11-30 02:11:09.943 24254 24254 V GlobalScreenshot: clearing screenshot: close system dialogs
11-30 02:11:09.953   889   985 I CHRE    : @ 28722.187: [ip] Peak detected: magnitude = 0.110364 hpa, duration = 40.000000 ms
11-30 02:11:09.953   873  1783 I CapoDetector: handleNanoappMessage, Id 5147455389092024354, type 3, size 8
11-30 02:11:09.954   889  1911 I sensors-hal: onBaroPeakMessage:81, Barometric peak detected: magnitude = 0.110365 hPa (bucket: 2), duration = 40.000000 ms (bucket: 3).
11-30 02:11:09.955   889  1911 I sensors-hal: reportVendorAtom:28, Vendor atom [id = 100047] reported.
11-30 02:11:10.004  1492  4479 D ConnectivityService: ConnectivityService NetworkRequestInfo binderDied(NetworkRequest [ LISTEN id=1548, [ Capabilities: INTERNET&NOT_RESTRICTED&TRUSTED&NOT_VPN Uid: 10253 AdministratorUids: [] RequestorUid: 10253 RequestorPackageName: de.congstar.meincongstar] ], android.os.BinderProxy@ec1b506)
11-30 02:11:10.006   760   760 I Zygote  : Process 10403 exited due to signal 9 (Killed)
11-30 02:11:10.010  1492  1563 W ActivityManager: setHasOverlayUi called on unknown pid: 10403
11-30 02:11:10.186   889   985 D VSC     : @ 28722.420: [WO] isFlat() nearest_rotation: 4, flat_angle: 65
11-30 02:11:10.186   889   985 D VSC     : @ 28722.420: [WO] orientation angle 353, orientation 4
11-30 02:11:10.186   889   985 D VSC     : @ 28722.420: [WO] Gyro angle integrated: 29.016111
11-30 02:11:10.186   889   985 D VSC     : @ 28722.420: [WO] Rejected by settle_time and gyro finds no rotation 0
11-30 02:11:10.571  2476  2476 D RecentsOrientedState: current RecentsOrientedState: [this=RecentsOrientedState@10e44cf mOrientationHandler=PortraitPagedViewHandler@3248e5c mDisplayRotation=0 mTouchRotation=0 mRecentsActivityRotation=0 isRecentsActivityRotationAllowed=false mSystemRotation=false mFlags=291]
11-30 02:11:10.572  2476  2476 D RecentsOrientedState: current RecentsOrientedState: [this=RecentsOrientedState@10e44cf mOrientationHandler=PortraitPagedViewHandler@3248e5c mDisplayRotation=0 mTouchRotation=0 mRecentsActivityRotation=0 isRecentsActivityRotationAllowed=false mSystemRotation=false mFlags=291]
11-30 02:11:10.645   894  2472 I WifiHAL : event received NL80211_CMD_VENDOR, vendor_id = 0x1374, subcmd = 0xd
11-30 02:11:10.645  1090  1090 I chatty  : uid=1000(system) /vendor/bin/cnss-daemon expire 12 lines
11-30 02:11:10.678   889  2633 I sensors-hal: [ssc_utils]get_qmi_debug_flag:244, support_qmi_debug : false
11-30 02:11:11.038  1492  1961 D WindowManager: powerPress: eventTime=21438751 interactive=true count=1 beganFromNonInteractive=false mShortPressOnPowerBehavior=1
11-30 02:11:11.038  1492  1961 I PowerManagerService: Going to sleep due to power_button (uid 1000)...
11-30 02:11:11.048  2077  2474 D KeyguardViewMediator: onStartedGoingToSleep(2)
11-30 02:11:11.048   889  2633 I sensors-hal: [ssc_utils]get_qmi_debug_flag:244, support_qmi_debug : false
11-30 02:11:11.052  3398  3398 I GoogleInputMethodService: GoogleInputMethodService.onFinishInput():3301 
11-30 02:11:11.053  3398  3398 I GoogleInputMethodService: GoogleInputMethodService.onStartInput():1979 
11-30 02:11:11.053  3398  3398 I DeviceUnlockedTag: DeviceUnlockedTag.notifyDeviceLockStatusChanged():79 Notify device unlocked.
11-30 02:11:11.054  2077  2474 D KeyguardViewMediator: notifyStartedGoingToSleep
11-30 02:11:11.058  1492  4685 D BiometricUtils: isEncrypted: false isLockdown: false
11-30 02:11:11.059  2077  2077 D KeyguardUpdateMonitor: fingerprintRunningState: 1
11-30 02:11:11.059  2077  2077 D KeyguardViewMediator: handleNotifyStartedGoingToSleep
11-30 02:11:11.059  1492  1492 V FingerprintService: startAuthentication(com.android.systemui)
11-30 02:11:11.059  1492  1492 V FingerprintService: starting client AuthenticationClientImpl(com.android.systemui) targetUserId: 0 currentUserId: 0 cookie: 0/0
11-30 02:11:11.078  1492  1492 W FingerprintService: client com.android.systemui is authenticating...
11-30 02:11:11.298  1965  1965 W native  : event_matcher.cc:56 Frame 21439151581000 earlier than last matched event: 21439152672000; dropping
11-30 02:11:11.495  1492  1710 I DisplayPowerController: Blocking screen off
11-30 02:11:11.495  1492  1710 I DisplayPowerController: Unblocked screen off after 1 ms
11-30 02:11:11.514  1492  1710 D ActivityTaskManager: Top Process State changed to PROCESS_STATE_TOP_SLEEPING
11-30 02:11:11.587  2077  2474 D KeyguardViewMediator: notifyScreenTurnedOff
11-30 02:11:11.587  2077  2077 D KeyguardViewMediator: handleNotifyScreenTurnedOff
11-30 02:11:11.588   889   985 D VSC     : @ 28723.823: [Device Orientation] Stop accel
11-30 02:11:11.589   889   985 D VSC     : @ 28723.823: [Device Orientation] Stop gyro
11-30 02:11:11.591   889  2633 I sensors-hal: [ssc_utils]get_qmi_debug_flag:244, support_qmi_debug : false
11-30 02:11:11.594   889   889 I sensors-hal: [hal]batch_physical_sensor:301, com.google.sensor.combo_light/11101, period=250000000, max_latency=0
11-30 02:11:11.594   889   889 I sensors-hal: [hal]batch_physical_sensor:310, com.google.sensor.combo_light/11101, period=250000000, max_latency=0 request completed
11-30 02:11:11.596  1492  1710 V DisplayPowerController: Brightness [-1.0] reason changing to: 'screen_off', previous reason: 'automatic'.
11-30 02:11:11.597   580   580 D SurfaceFlinger: Setting power mode 0 on display 19260504575090817
11-30 02:11:11.598   582  2862 I SDM     : DisplayBase::SetDisplayState: Set state = 0, display 29-0, teardown = 0
11-30 02:11:11.603   889  2633 I sensors-hal: [ssc_utils]get_qmi_debug_flag:244, support_qmi_debug : false
11-30 02:11:11.610  1492  1563 I DisplayManagerService: Display device changed state: "Integrierter Bildschirm", OFF
11-30 02:11:11.621   889   889 I sensors-hal: [hal]activate_physical_sensor:238, com.google.sensor.combo_light/11101 en=0
11-30 02:11:11.622   889   889 I sensors-hal: [hal]activate_physical_sensor:249, com.google.sensor.combo_light/11101 en=0 completed
11-30 02:11:11.622   896 15285 I rlsservice: DisableInternal handle 1780695789, mode 1
11-30 02:11:11.623   896 15285 I BpBinder: onLastStrongRef automatically unlinking death recipients: <uncached descriptor>
11-30 02:11:11.623   889   985 I ASH     : @ 28723.858: tcs3701: Client count (type)cur/new: (0)2/1
11-30 02:11:11.659   889   985 I ASH     : @ 28723.893: touch gesture: received SNS_TBN_RELEASE_BUS_REQ_V01: kernel releasing bus
11-30 02:11:11.755   889   985 I CHRE    : @ 28723.987: [ip] Peak detected: magnitude = 1.593838 hpa, duration = 600.000000 ms
11-30 02:11:11.755   873  1783 I CapoDetector: handleNanoappMessage, Id 5147455389092024354, type 3, size 8
11-30 02:11:11.756   889  1911 I sensors-hal: onBaroPeakMessage:81, Barometric peak detected: magnitude = 1.593838 hPa (bucket: 26), duration = 600.000000 ms (bucket: 46).
11-30 02:11:11.759   889  1911 I sensors-hal: reportVendorAtom:28, Vendor atom [id = 100047] reported.
11-30 02:11:11.760   889  2633 I sensors-hal: [DPInfo]file_contents_parse:176, _status = 0
11-30 02:11:11.760   889  1994 I sensors-hal: enableNanoapp:34, Disabling ip_health nanoapp.
11-30 02:11:11.760   889  2633 I sensors-hal: [ssc_utils]get_qmi_debug_flag:244, support_qmi_debug : false
11-30 02:11:11.761   580   580 D SurfaceFlinger: Finished setting power mode 0 on display 19260504575090817
11-30 02:11:11.761   889  1994 I sensors-hal: reportVendorAtom:28, Vendor atom [id = 100046] reported.
11-30 02:11:11.763  1492  1710 I DreamManagerService: Entering dreamland.
11-30 02:11:11.763   889   985 D CHRE    : @ 28723.996: Parsed nanoapp message from host: app ID 0x476f6f676c001022, endpoint 0x9022, msgType 2, payload size 0
11-30 02:11:11.763   889   985 I CHRE    : @ 28723.996: [ip] Received message from host endpoint 0x9022 of type 2 and size 0.
11-30 02:11:11.763   889   985 I CHRE    : @ 28723.996: [ip] App disabled by host.
11-30 02:11:11.764  1492  1710 I PowerManagerService: Dozing...
11-30 02:11:11.764  1492  1552 I DreamController: Starting dream: name=ComponentInfo{com.android.systemui/com.android.systemui.doze.DozeService}, isTest=false, canDoze=true, userId=0
11-30 02:11:11.766   889   985 I ASH     : @ 28724.001: tcs3701: display status: 0
11-30 02:11:11.766   889   985 I ASH     : @ 28724.001: tcs3701: display brightness: 114
11-30 02:11:11.766   889   985 I ASH     : @ 28724.001: tcs3701: display refresh_rate: 0
11-30 02:11:11.766   889   985 I ASH     : @ 28724.001: tcs3701: ALS trigger disabled!!
11-30 02:11:11.767   889   985 I ASH     : @ 28724.002: tcs3701: PROX trigger disabled!!
11-30 02:11:11.768 24254 24254 V GlobalScreenshot: clearing screenshot: close system dialogs
11-30 02:11:11.768   889   985 I ASH     : @ 28724.003: tcs3701: PERS: 40
11-30 02:11:11.772  2077  2077 V ShadeControllerImpl: NotificationShadeWindow: com.android.systemui.statusbar.phone.NotificationShadeWindowView{f335cc7 I.E...... ......ID 0,0-1080,2340} canPanelBeCollapsed(): false
11-30 02:11:11.777  2077  2077 D StatusBar: updateQsExpansionEnabled - QS Expand enabled: false
11-30 02:11:11.780  2077  2281 D KeyguardViewMediator: updateActivityLockScreenState(false, true)
11-30 02:11:11.781  2077  2077 D StatusBar: updateQsExpansionEnabled - QS Expand enabled: false
11-30 02:11:11.790  2077  2077 D StatusBar: updateQsExpansionEnabled - QS Expand enabled: false
11-30 02:11:11.797  2077  2077 D StatusBar: disable<e i a s b h r c s > disable2<q i n >
11-30 02:11:11.798  2077  2077 D StatusBar: disable<e i a s b h r c s > disable2<q i n >
11-30 02:11:11.801  2077  2077 W AsyncSensorManager: No plugins registered
11-30 02:11:11.803   889   985 D VSC     : @ 28724.037: [Device Pickup Sensor] Request accel, interval 20.0 ms, latency 0.0 ms
11-30 02:11:11.803   889   985 D ASH     : @ 28724.038: SensorType 1 resampler quality 0
11-30 02:11:11.805   889   985 I VSC     : @ 28724.040: [single-tap-prox-gated] configuring sensor with interval: 1000000, latency: 0
11-30 02:11:11.805   889   985 D VSC     : @ 28724.040: [Proximity Gated Single Tap Gesture] Request proximity, interval 100.0 ms, latency 0.0 ms
11-30 02:11:11.806   889   985 D ASH     : @ 28724.040: tcs3701: update_rail_vote: 0->2
11-30 02:11:11.806   889   985 D VSC     : @ 28724.040: [Proximity Gated Single Tap Gesture] Request touch_gesture, interval 18446744027136.0 ms, latency 0.0 ms
11-30 02:11:11.806   889   985 D ASH     : @ 28724.040: tcs3701: rail already ON
11-30 02:11:11.806   889   985 D ASH     : @ 28724.040: tcs3701: power vote set to 1
11-30 02:11:11.806   889   985 I ASH     : @ 28724.040: tcs3701: Client count (type)cur/new: (3)0/1
11-30 02:11:11.806   889   985 I ASH     : @ 28724.040: tcs3701: Enabling sensor 3
11-30 02:11:11.807   889   985 I ASH     : @ 28724.041: tcs3701: PCFG1: 00
11-30 02:11:11.807   889   985 I ASH     : @ 28724.041: tcs3701: PCFG2: 06
11-30 02:11:11.807   889   985 I ASH     : @ 28724.041: tcs3701: PCFG4: 03
11-30 02:11:11.807  2077 27600 D KeyguardViewMediator: onFinishedGoingToSleep(2)
11-30 02:11:11.807  2077 27600 D KeyguardViewMediator: notifyFinishedGoingToSleep
11-30 02:11:11.809   889   985 I ASH     : @ 28724.043: tcs3701: New TH: 110 0 200 0
11-30 02:11:11.809  2077 27600 D KeyguardViewMediator: doKeyguard: showing the lock screen
11-30 02:11:11.809  2077 27600 D KeyguardViewMediator: showLocked
11-30 02:11:11.810   889   985 I ASH     : @ 28724.044: tcs3701: PROX trigger disabled!!
11-30 02:11:11.818   873  1788 D audio_hw_primary: adev_set_parameters: enter: screen_state=off
11-30 02:11:11.818   873  1788 D audio_hw_hfp: hfp_set_parameters: enter
11-30 02:11:11.819   873  1788 W sound_trigger_hw: sound_trigger_hw_call_back: Unknown event 17
11-30 02:11:11.819   873  1788 D audio_hw_hfp: hfp_set_parameters: enter
11-30 02:11:11.819   873  1788 D audio_hw_hfp: hfp_set_parameters: enter
11-30 02:11:11.826  2077  2077 D StatusBar: disable<e i a s b h r c s > disable2<q i n >
11-30 02:11:11.827  2077  2077 W View    : requestLayout() improperly called by com.android.keyguard.CarrierText{616e7b0 V.ED..... ......ID 136,0-682,145 #7f0a0269 app:id/keyguard_carrier_text} during layout: running second layout pass
11-30 02:11:11.827   889   889 I sensors-hal: [hal]activate_physical_sensor:238, android.sensor.light/51 en=0
11-30 02:11:11.828   889   889 I sensors-hal: [hal]activate_physical_sensor:249, android.sensor.light/51 en=0 completed
11-30 02:11:11.829   889   985 I ASH     : @ 28724.064: tcs3701: Client count (type)cur/new: (0)1/0
11-30 02:11:11.829   889   985 I ASH     : @ 28724.064: tcs3701: Disabling sensor 0
11-30 02:11:11.829   889   985 D ASH     : @ 28724.064: tcs3701: start power rail timer, state:3
11-30 02:11:11.847  2077  2077 D KeyguardViewMediator: handleNotifyFinishedGoingToSleep
11-30 02:11:11.848  2077  2077 D KeyguardViewMediator: handleShow
11-30 02:11:11.851  3398  3398 I DeviceStatusMonitor: DeviceStatusMonitor$1.onReceive():58 onReceive() : Action = android.intent.action.SCREEN_OFF
11-30 02:11:11.852  3398  3398 I InputBundle: InputBundle.consumeEvent():915 Skip consuming an event as imeStatus is 0
11-30 02:11:11.852  3398  3398 I DeviceStatusMonitor: DeviceStatusMonitor.updateCountryInfo():121 updateCountryInfo(), notifyAnyway = false
11-30 02:11:11.853  2077  2077 D StatusBar: disable<e i a s b h r c s > disable2<q i n >
11-30 02:11:11.853  2077  2077 D StatusBar: disable<e i a s b h r c s > disable2<q i n >
11-30 02:11:11.854  2077  2281 D KeyguardViewMediator: updateActivityLockScreenState(true, true)
11-30 02:11:11.855  3468  3468 D NfcService: MSG_APPLY_SCREEN_STATE 2
11-30 02:11:11.856  2077  2077 D KeyguardViewMediator: adjustStatusBarLocked: mShowing=true mOccluded=false isSecure=true force=false --> flags=0x1000000
11-30 02:11:11.882   889   985 I ASH     : @ 28724.117: touch gesture: update charger mode: 0x02
11-30 02:11:11.890  2077  2077 D KeyguardUpdateMonitor: onKeyguardVisibilityChanged(true)
11-30 02:11:11.894  2077  2077 D KeyguardViewMediator: adjustStatusBarLocked: mShowing=true mOccluded=false isSecure=true force=false --> flags=0x1000000
11-30 02:11:11.896  1492  1492 I chatty  : uid=1000(system) Binder:1492_3 expire 1 line
11-30 02:11:11.897  2077  2077 D StatusBar: disable<e i a s b h R!c s > disable2<q i n >
11-30 02:11:11.899  2077  2077 D StatusBar: disable<e i a s b h R c s > disable2<q i n >
11-30 02:11:11.899  2077  2077 D StatusBar: disable<e i a s b h R c s > disable2<q i n >
11-30 02:11:11.917  1492  1563 V WindowManager: Orientation start waiting for draw, mDrawState=DRAW_PENDING in Window{cfef1b4 u0 ScreenDecorOverlayBottom}, surfaceController Surface(name=ScreenDecorOverlayBottom)/@0x132f4e9
11-30 02:11:11.917  1492  1563 V WindowManager: Orientation start waiting for draw, mDrawState=DRAW_PENDING in Window{57224c9 u0 NotificationShade}, surfaceController Surface(name=NotificationShade)/@0x1d2b231
11-30 02:11:11.924   889   985 I ASH     : @ 28724.158: tcs3701: lux: 18.588323, set TH2 and skip a FAR event.
11-30 02:11:11.925   889   985 I ASH     : @ 28724.160: tcs3701: New TH: 80 0 200 0
11-30 02:11:11.930   580   615 I BpBinder: onLastStrongRef automatically unlinking death recipients: <uncached descriptor>
11-30 02:11:11.933   889   985 E ASH     : @ 28724.168: touch gesture: updating gesture: double_tap [x], single_tap [v]
11-30 02:11:11.934   889   985 I ASH     : @ 28724.168: touch gesture: sttw params: max x/y 540 550, mi/max frame 2 26, tolerance 150, recess size 136
11-30 02:11:11.934   889   985 I ASH     : @ 28724.169: touch gesture: [touch gesture] subscribed
11-30 02:11:12.027   889   985 I ASH     : @ 28724.261: tcs3701: PROX sample: FAR (0007), POFFSET: 001d, ORE: -1
11-30 02:11:12.653   894  2472 I WifiHAL : event received NL80211_CMD_VENDOR, vendor_id = 0x1374, subcmd = 0xd
11-30 02:11:12.832   889   985 D ASH     : @ 28725.065: tcs3701: TCS3701_POWER_RAIL_PENDING_OFF
11-30 02:11:12.832   889   985 D ASH     : @ 28725.065: tcs3701: update_rail_vote: 2->0
11-30 02:11:12.832   889   985 D ASH     : @ 28725.065: tcs3701: power vote set to 0
11-30 02:11:12.832   889   985 D ASH     : @ 28725.065: tcs3701: TCS3701_POWER_RAIL_PENDING_NONE
11-30 02:11:13.173   894  2472 I WifiHAL : event received NL80211_CMD_VENDOR, vendor_id = 0x1374, subcmd = 0xa
11-30 02:11:13.174 13004 13004 I wpa_supplicant: wlan0: CTRL-EVENT-AVOID-FREQ ranges=
11-30 02:11:13.174 13004 13004 I wpa_supplicant: wlan0: CTRL-EVENT-REGDOM-CHANGE init=DRIVER type=COUNTRY alpha2=DE
11-30 02:11:14.658   894  2472 I WifiHAL : event received NL80211_CMD_VENDOR, vendor_id = 0x1374, subcmd = 0xd
11-30 02:11:14.808   889   985 D VSC     : @ 28727.040: [Device Pickup Sensor] Request accel, interval 20.0 ms, latency 100.0 ms
11-30 02:11:14.808   889   985 D ASH     : @ 28727.041: SensorType 1 resampler quality 0
11-30 02:11:16.309 20543 11363 E adbd    : error reading output FD 24: Connection reset by peer
11-30 02:11:16.518  1492  1563 W ActivityTaskManager: Sleep timeout!  Sleeping now.
11-30 02:11:16.660   894  2472 I WifiHAL : event received NL80211_CMD_VENDOR, vendor_id = 0x1374, subcmd = 0xd
